[*] [日誌系統] 執行日誌檔案已建立: D:\MyProject\stock_data_downloader\logs\crawler_all_20260917_195518.log
[✓] 【開盤日確認】2026-09-17 為台股正常營業日，爬蟲正常啟動！
==================================================
[2026-09-17 19:55:18] [*] 全市場台股分點買賣日報表統一調度控制器 (Coordinator) 啟動
[2026-09-17 19:55:18] [*] 啟動時間: 2026-09-17 19:55:18
[2026-09-17 19:55:18] [*] 執行交易日期: 2026-09-17
[2026-09-17 19:55:18] [*] 目標市場範疇 (Market): ALL (產檔規格: api_absr1_2026-09-17_2026-09-17.parquet)
[2026-09-17 19:55:18] [*] 併發配置: TWSE 上市 1 Workers (純HTTP高速, 延遲0.3s) | TPEX 上櫃 1 Workers (CDP瀏覽器穩健)
[2026-09-17 19:55:18] [*] 上市最大補抓輪數: 10 輪
[2026-09-17 19:55:18] [*] 成果輸出路徑: D:\MyProject\stock_data_downloader\output
==================================================
[2026-09-17 19:55:18] >>> [階段 1/2] 啟動 TWSE 上市股票分點抓取 (1 Workers, 最多 10 輪安全補抓)...
[2026-09-17 19:55:18] [*] 取得上市標的清單: 1368 檔 (分片 1/1)
==================================================
[*] TWSE 上市券商買賣日報表爬蟲 (10 輪終極自適應安全防護版)
[*] 目標交易日期: 2026-09-17
[*] 待抓取標的數: 1368 檔
[*] 並行執行緒數: 1 Workers (第 1 輪)
[*] 最大補抓輪數: 10 輪 (含第 10 輪深度收斂跑到完機制)
==================================================
[*] 成功載入專用 TWSE CNN 驗證碼模型 (辨識率 98%+)
WARNING:tensorflow:TensorFlow GPU support is not available on native Windows for TensorFlow >= 2.11. Even if CUDA/cuDNN are installed, GPU will not be used. Please use WSL2 or the TensorFlow-DirectML plugin.
[19:55:59] [第1輪 進度 15/1368 (1.1%)] 成功: 14 檔 | 明確無資料: 0 檔 | 技術待補: 1 檔 | 累積: 7,085 筆 | 速度: 0.4 檔/s | 剩餘約: 60.5 分鐘
[19:56:34] [第1輪 進度 30/1368 (2.2%)] 成功: 28 檔 | 明確無資料: 0 檔 | 技術待補: 2 檔 | 累積: 11,475 筆 | 速度: 0.4 檔/s | 剩餘約: 56.1 分鐘
[19:57:36] [第1輪 進度 45/1368 (3.3%)] 成功: 35 檔 | 明確無資料: 0 檔 | 技術待補: 10 檔 | 累積: 12,206 筆 | 速度: 0.3 檔/s | 剩餘約: 67.4 分鐘
[19:58:25] [第1輪 進度 60/1368 (4.4%)] 成功: 44 檔 | 明確無資料: 0 檔 | 技術待補: 16 檔 | 累積: 12,897 筆 | 速度: 0.3 檔/s | 剩餘約: 67.9 分鐘
[19:59:58] [第1輪 進度 75/1368 (5.5%)] 成功: 44 檔 | 明確無資料: 0 檔 | 技術待補: 31 檔 | 累積: 12,897 筆 | 速度: 0.3 檔/s | 剩餘約: 80.4 分鐘
[20:01:22] [第1輪 進度 90/1368 (6.6%)] 成功: 52 檔 | 明確無資料: 0 檔 | 技術待補: 38 檔 | 累積: 13,999 筆 | 速度: 0.2 檔/s | 剩餘約: 86.0 分鐘
