[*] [日誌系統] 執行日誌檔案已建立: D:\MyProject\stock_data_downloader\logs\crawler_twse_shard_0.log
[✓] 【開盤日確認】2026-09-16 為台股正常營業日，爬蟲正常啟動！
==================================================
[2026-09-16 22:10:03] [*] 全市場台股分點買賣日報表統一調度控制器 (Coordinator) 啟動
[2026-09-16 22:10:03] [*] 啟動時間: 2026-09-16 22:10:03
[2026-09-16 22:10:03] [*] 執行交易日期: 2026-09-16
[2026-09-16 22:10:03] [*] 目標市場範疇 (Market): TWSE (產檔規格: api_absr1_2026-09-16_2026-09-16_twse.parquet)
[2026-09-16 22:10:03] [*] 雲端分片模式: 節點 1 / 2 (Shard ID: 0)
[2026-09-16 22:10:03] [*] 併發配置: TWSE 上市 1 Workers (純HTTP高速) | TPEX 上櫃 1 Workers (CDP瀏覽器穩健)
[2026-09-16 22:10:03] [*] 上市最大補抓輪數: 7 輪
[2026-09-16 22:10:03] [*] 成果輸出路徑: D:\MyProject\stock_data_downloader\output
==================================================
[2026-09-16 22:10:03] >>> [階段 1/2] 啟動 TWSE 上市股票分點抓取 (1 Workers, 最多 6 輪安全補抓)...
[2026-09-16 22:10:03] [*] 取得上市標的清單: 686 檔 (分片 1/2)
==================================================
[*] TWSE 上市券商買賣日報表爬蟲 (7 輪終極自適應安全防護版)
[*] 目標交易日期: 2026-09-16
[*] 待抓取標的數: 686 檔
[*] 並行執行緒數: 1 Workers (第 1 輪)
[*] 最大補抓輪數: 7 輪 (含第 7 輪深度收斂跑到完機制)
==================================================
[*] 成功載入專用 TWSE CNN 驗證碼模型 (辨識率 98%+)
WARNING:tensorflow:TensorFlow GPU support is not available on native Windows for TensorFlow >= 2.11. Even if CUDA/cuDNN are installed, GPU will not be used. Please use WSL2 or the TensorFlow-DirectML plugin.
[22:11:40] [第1輪 進度 15/686 (2.2%)] 成功: 0 檔 | 無交易/待補: 15 檔 | 累積: 0 筆 | 速度: 0.2 檔/s | 剩餘約: 72.1 分鐘
[22:12:56] [第1輪 進度 30/686 (4.4%)] 成功: 0 檔 | 無交易/待補: 30 檔 | 累積: 0 筆 | 速度: 0.2 檔/s | 剩餘約: 62.8 分鐘
[*] [日誌系統] 執行日誌檔案已建立: D:\MyProject\stock_data_downloader\logs\crawler_twse_shard_0.log
[✓] 【開盤日確認】2026-09-16 為台股正常營業日，爬蟲正常啟動！
==================================================
[2026-09-16 22:16:50] [*] 全市場台股分點買賣日報表統一調度控制器 (Coordinator) 啟動
[2026-09-16 22:16:50] [*] 啟動時間: 2026-09-16 22:16:49
[2026-09-16 22:16:50] [*] 執行交易日期: 2026-09-16
[2026-09-16 22:16:50] [*] 目標市場範疇 (Market): TWSE (產檔規格: api_absr1_2026-09-16_2026-09-16_twse.parquet)
[2026-09-16 22:16:50] [*] 雲端分片模式: 節點 1 / 2 (Shard ID: 0)
[2026-09-16 22:16:50] [*] 併發配置: TWSE 上市 1 Workers (純HTTP高速) | TPEX 上櫃 1 Workers (CDP瀏覽器穩健)
[2026-09-16 22:16:50] [*] 上市最大補抓輪數: 7 輪
[2026-09-16 22:16:50] [*] TWSE 嚴格偵測: ON (最少樣本數: 30)
[2026-09-16 22:16:50] [*] 成果輸出路徑: D:\MyProject\stock_data_downloader\output
==================================================
[2026-09-16 22:16:50] >>> [階段 1/2] 啟動 TWSE 上市股票分點抓取 (1 Workers, 最多 6 輪安全補抓)...
[2026-09-16 22:16:51] [*] 取得上市標的清單: 686 檔 (分片 1/2)
==================================================
[*] TWSE 上市券商買賣日報表爬蟲 (7 輪終極自適應安全防護版)
[*] 目標交易日期: 2026-09-16
[*] 待抓取標的數: 686 檔
[*] 並行執行緒數: 1 Workers (第 1 輪)
[*] 最大補抓輪數: 7 輪 (含第 7 輪深度收斂跑到完機制)
==================================================
[*] 成功載入專用 TWSE CNN 驗證碼模型 (辨識率 98%+)
WARNING:tensorflow:TensorFlow GPU support is not available on native Windows for TensorFlow >= 2.11. Even if CUDA/cuDNN are installed, GPU will not be used. Please use WSL2 or the TensorFlow-DirectML plugin.
[22:17:41] [第1輪 進度 15/686 (2.2%)] 成功: 10 檔 | 無交易/待補: 5 檔 | 累積: 3,410 筆 | 速度: 0.3 檔/s | 剩餘約: 37.2 分鐘
[22:18:40] [第1輪 進度 30/686 (4.4%)] 成功: 19 檔 | 無交易/待補: 11 檔 | 累積: 5,098 筆 | 速度: 0.3 檔/s | 剩餘約: 39.7 分鐘
[22:19:13] [第1輪 進度 45/686 (6.6%)] 成功: 32 檔 | 無交易/待補: 13 檔 | 累積: 6,807 筆 | 速度: 0.3 檔/s | 剩餘約: 33.7 分鐘
[22:20:05] [第1輪 進度 60/686 (8.7%)] 成功: 44 檔 | 無交易/待補: 16 檔 | 累積: 8,206 筆 | 速度: 0.3 檔/s | 剩餘約: 33.8 分鐘
[*] [日誌系統] 執行日誌檔案已建立: D:\MyProject\stock_data_downloader\logs\crawler_twse_shard_0.log
[✓] 【開盤日確認】2026-09-16 為台股正常營業日，爬蟲正常啟動！
==================================================
[2026-09-16 22:46:40] [*] 全市場台股分點買賣日報表統一調度控制器 (Coordinator) 啟動
[2026-09-16 22:46:40] [*] 啟動時間: 2026-09-16 22:46:40
[2026-09-16 22:46:40] [*] 執行交易日期: 2026-09-16
[2026-09-16 22:46:40] [*] 目標市場範疇 (Market): TWSE (產檔規格: api_absr1_2026-09-16_2026-09-16_twse.parquet)
[2026-09-16 22:46:40] [*] 雲端分片模式: 節點 1 / 2 (Shard ID: 0)
[2026-09-16 22:46:40] [*] 併發配置: TWSE 上市 2 Workers (純HTTP高速) | TPEX 上櫃 1 Workers (CDP瀏覽器穩健)
[2026-09-16 22:46:40] [*] 上市最大補抓輪數: 3 輪
[2026-09-16 22:46:40] [*] TWSE 嚴格偵測: ON (最少樣本數: 30)
[2026-09-16 22:46:40] [*] 成果輸出路徑: D:\MyProject\stock_data_downloader\output
==================================================
[2026-09-16 22:46:40] >>> [階段 1/2] 啟動 TWSE 上市股票分點抓取 (2 Workers, 最多 6 輪安全補抓)...
[2026-09-16 22:46:41] [*] 取得上市標的清單: 50 檔 (分片 1/2)
==================================================
[*] TWSE 上市券商買賣日報表爬蟲 (7 輪終極自適應安全防護版)
[*] 目標交易日期: 2026-09-16
[*] 待抓取標的數: 50 檔
[*] 並行執行緒數: 2 Workers (第 1 輪)
[*] 最大補抓輪數: 3 輪 (含第 7 輪深度收斂跑到完機制)
==================================================
[*] 成功載入專用 TWSE CNN 驗證碼模型 (辨識率 98%+)
WARNING:tensorflow:TensorFlow GPU support is not available on native Windows for TensorFlow >= 2.11. Even if CUDA/cuDNN are installed, GPU will not be used. Please use WSL2 or the TensorFlow-DirectML plugin.
[22:47:23] [第1輪 進度 15/50 (30.0%)] 成功: 0 檔 | 無交易/待補: 15 檔 | 累積: 0 筆 | 速度: 0.4 檔/s | 剩餘約: 1.6 分鐘
[22:48:03] [第1輪 進度 30/50 (60.0%)] 成功: 0 檔 | 無交易/待補: 30 檔 | 累積: 0 筆 | 速度: 0.4 檔/s | 剩餘約: 0.9 分鐘
[22:48:03] [TWSE 嚴格偵測] TWSE 嚴格偵測命中：前 30 檔成功率僅 0.0%，無成交比率 0.0%，技術性異常比率 100.0%；主因 menu_http_error=23, post_missing_download_link=7
[2026-09-16 22:48:03] [!] TWSE 嚴格偵測提前中止：TWSE 嚴格偵測命中：前 30 檔成功率僅 0.0%，無成交比率 0.0%，技術性異常比率 100.0%；主因 menu_http_error=23, post_missing_download_link=7
[2026-09-16 22:48:03] [!] TWSE 異常主因 Top 2: menu_http_error=23, post_missing_download_link=7
[*] [日誌系統] 執行日誌檔案已建立: D:\MyProject\stock_data_downloader\logs\crawler_twse_shard_0.log
[✓] 【開盤日確認】2026-09-16 為台股正常營業日，爬蟲正常啟動！
==================================================
[2026-09-16 22:51:12] [*] 全市場台股分點買賣日報表統一調度控制器 (Coordinator) 啟動
[2026-09-16 22:51:12] [*] 啟動時間: 2026-09-16 22:51:12
[2026-09-16 22:51:12] [*] 執行交易日期: 2026-09-16
[2026-09-16 22:51:12] [*] 目標市場範疇 (Market): TWSE (產檔規格: api_absr1_2026-09-16_2026-09-16_twse.parquet)
[2026-09-16 22:51:12] [*] 雲端分片模式: 節點 1 / 2 (Shard ID: 0)
[2026-09-16 22:51:12] [*] 併發配置: TWSE 上市 2 Workers (純HTTP高速) | TPEX 上櫃 1 Workers (CDP瀏覽器穩健)
[2026-09-16 22:51:12] [*] 上市最大補抓輪數: 3 輪
[2026-09-16 22:51:12] [*] TWSE 嚴格偵測: ON (最少樣本數: 30)
[2026-09-16 22:51:12] [*] 成果輸出路徑: D:\MyProject\stock_data_downloader\output
==================================================
[2026-09-16 22:51:13] >>> [階段 1/2] 啟動 TWSE 上市股票分點抓取 (2 Workers, 最多 6 輪安全補抓)...
[2026-09-16 22:51:13] [*] 取得上市標的清單: 50 檔 (分片 1/2)
==================================================
[*] TWSE 上市券商買賣日報表爬蟲 (7 輪終極自適應安全防護版)
[*] 目標交易日期: 2026-09-16
[*] 待抓取標的數: 50 檔
[*] 並行執行緒數: 2 Workers (第 1 輪)
[*] 最大補抓輪數: 3 輪 (含第 7 輪深度收斂跑到完機制)
==================================================
[*] 成功載入專用 TWSE CNN 驗證碼模型 (辨識率 98%+)
WARNING:tensorflow:TensorFlow GPU support is not available on native Windows for TensorFlow >= 2.11. Even if CUDA/cuDNN are installed, GPU will not be used. Please use WSL2 or the TensorFlow-DirectML plugin.
[22:51:46] [第1輪 進度 15/50 (30.0%)] 成功: 5 檔 | 無交易/待補: 10 檔 | 累積: 1,322 筆 | 速度: 0.5 檔/s | 剩餘約: 1.3 分鐘
[22:52:30] [第1輪 進度 30/50 (60.0%)] 成功: 5 檔 | 無交易/待補: 25 檔 | 累積: 1,322 筆 | 速度: 0.4 檔/s | 剩餘約: 0.9 分鐘
[22:53:06] [第1輪 進度 45/50 (90.0%)] 成功: 8 檔 | 無交易/待補: 37 檔 | 累積: 1,980 筆 | 速度: 0.4 檔/s | 剩餘約: 0.2 分鐘
[22:53:16] [第1輪 進度 50/50 (100.0%)] 成功: 11 檔 | 無交易/待補: 39 檔 | 累積: 2,113 筆 | 速度: 0.4 檔/s | 剩餘約: 0.0 分鐘

--------------------------------------------------
[22:53:16] [*] 啟動第 2/3 輪精準安全補抓佇列 (待補抓: 39 檔)
[22:53:16] [*] 安全防護策略: 4-Workers 安全並行模式, 請求間隔 1.2s, 單檔 4 次重試
--------------------------------------------------
[22:53:23]   [第2輪 1/39] [待下輪補抓] 0053 (元大電子)
[22:53:23]   [第2輪 2/39] [待下輪補抓] 00406A (主動中信台灣收益)
[22:53:23]   [第2輪 3/39] [待下輪補抓] 00400A (主動國泰動能高息)
[22:53:23]   [第2輪 4/39] [待下輪補抓] 0056 (元大高股息)
[22:53:27]   [第2輪 5/39] [待下輪補抓] 006208 (富邦台50)
[22:53:27]   [第2輪 6/39] [待下輪補抓] 006204 (永豐臺灣加權)
[22:53:27]   [第2輪 7/39] [待下輪補抓] 006206 (元大上證50)
[22:53:27]   [第2輪 8/39] [待下輪補抓] 0061 (元大寶滬深)
[22:53:32]   [第2輪 9/39] [待下輪補抓] 00631L (元大台灣50正2)
[22:53:32]   [第2輪 10/39] [待下輪補抓] 00633L (富邦上証正2)
[22:53:32]   [第2輪 11/39] [待下輪補抓] 00635U (期元大S&P黃金)
[22:53:32]   [第2輪 12/39] [待下輪補抓] 00636K (國泰中國A50+U)
[22:53:35]   [第2輪 13/39] [OK] 00638R (元大滬深300反1) -> 成功補回 15 筆！
[22:53:35]   [第2輪 14/39] [OK] 00640L (富邦日本正2) -> 成功補回 51 筆！
[22:53:35]   [第2輪 15/39] [OK] 00643K (群益深証中小+R) -> 成功補回 2 筆！
[22:53:35]   [第2輪 16/39] [OK] 00642U (期元大S&P石油) -> 成功補回 332 筆！
[22:53:39]   [第2輪 17/39] [待下輪補抓] 00648R (元大S&P500反1)
[22:53:40]   [第2輪 18/39] [待下輪補抓] 00646 (元大S&P500)
[22:53:40]   [第2輪 19/39] [待下輪補抓] 00653L (富邦印度正2)
[22:53:40]   [第2輪 20/39] [待下輪補抓] 00651R (復華香港反1)
[22:53:43]   [第2輪 21/39] [待下輪補抓] 00655L (國泰中國A50正2)
[22:53:44]   [第2輪 22/39] [待下輪補抓] 00660 (元大歐洲50)
[22:53:44]   [第2輪 23/39] [待下輪補抓] 00657 (國泰日經225)
[22:53:44]   [第2輪 24/39] [待下輪補抓] 00662 (富邦NASDAQ)
[22:53:46]   [第2輪 25/39] [OK] 00664R (國泰臺灣加權反1) -> 成功補回 218 筆！
[22:53:49]   [第2輪 26/39] [待下輪補抓] 00666R (富邦恒生國企反1)
[22:53:49]   [第2輪 27/39] [待下輪補抓] 00673R (期元大S&P原油反1)
[22:53:49]   [第2輪 28/39] [待下輪補抓] 00670L (富邦NASDAQ正2)
[22:53:50]   [第2輪 29/39] [待下輪補抓] 00668K (國泰美國道瓊+U)
[22:53:54]   [第2輪 30/39] [待下輪補抓] 00675L (富邦臺灣加權正2)
[22:53:54]   [第2輪 31/39] [待下輪補抓] 00678 (群益那斯達克生技)
[22:53:54]   [第2輪 32/39] [待下輪補抓] 00681R (元大美債20反1)
[22:53:54]   [第2輪 33/39] [待下輪補抓] 00683L (期元大美元指正2)
[22:53:56]   [第2輪 34/39] [OK] 00686R (群益臺灣加權反1) -> 成功補回 72 筆！
[22:53:56]   [第2輪 35/39] [OK] 00689R (國泰20年美債反1) -> 成功補回 5 筆！
[22:53:56]   [第2輪 36/39] [OK] 00692 (富邦公司治理) -> 成功補回 214 筆！
[22:53:57]   [第2輪 37/39] [OK] 00700 (富邦恒生國企) -> 成功補回 32 筆！
[22:54:00]   [第2輪 38/39] [待下輪補抓] 00710B (復華彭博非投等債)
[22:54:00]   [第2輪 39/39] [待下輪補抓] 00712 (復華富時不動產)
[22:54:00] [+] 第 2 輪補抓完成！成功救回 9/39 檔 (確認無成交: 0 檔 | 剩餘未成功: 30 檔)

--------------------------------------------------
[22:54:00] [FINAL] 【啟動第 3/3 輪終極收斂跑到底機制】(待補抓: 30 檔)
[22:54:00] [*] 終極防護策略: 2-Workers 溫和無干擾模式, 請求間隔 1.8s, 單檔最高 8 次深度辨識重試！
--------------------------------------------------
[22:54:06]   [第3輪 1/30] [終極救回 OK] 0053 (元大電子) -> 成功補回 425 筆！
[22:54:07]   [第3輪 2/30] [終極救回 OK] 00406A (主動中信台灣收益) -> 成功補回 797 筆！
[22:54:09]   [第3輪 3/30] [終極救回 OK] 00400A (主動國泰動能高息) -> 成功補回 648 筆！
[22:54:09]   [第3輪 4/30] [終極救回 OK] 0056 (元大高股息) -> 成功補回 771 筆！
[22:54:17]   [第3輪 5/30] [終極救回 OK] 006208 (富邦台50) -> 成功補回 670 筆！
[22:54:17]   [第3輪 6/30] [終極救回 OK] 006204 (永豐臺灣加權) -> 成功補回 27 筆！
[22:54:19]   [第3輪 7/30] [終極救回 OK] 006206 (元大上證50) -> 成功補回 29 筆！
[22:54:19]   [第3輪 8/30] [終極救回 OK] 0061 (元大寶滬深) -> 成功補回 54 筆！
[22:54:27]   [第3輪 9/30] [終極救回 OK] 00631L (元大台灣50正2) -> 成功補回 780 筆！
[22:54:27]   [第3輪 10/30] [終極救回 OK] 00633L (富邦上証正2) -> 成功補回 220 筆！
[22:54:29]   [第3輪 11/30] [終極救回 OK] 00635U (期元大S&P黃金) -> 成功補回 476 筆！
[22:54:30]   [第3輪 12/30] [終極救回 OK] 00636K (國泰中國A50+U) -> 成功補回 2 筆！
[22:54:36]   [第3輪 13/30] [最終失敗:menu_http_error] 00648R (元大S&P500反1)
[22:54:37]   [第3輪 14/30] [最終失敗:menu_http_error] 00646 (元大S&P500)
[22:54:44]   [第3輪 15/30] [最終失敗:post_generic_error_page] 00653L (富邦印度正2)
[22:54:46]   [第3輪 16/30] [最終失敗:menu_http_error] 00651R (復華香港反1)
[22:54:54]   [第3輪 17/30] [最終失敗:post_generic_error_page] 00655L (國泰中國A50正2)
[22:54:55]   [第3輪 18/30] [最終失敗:post_generic_error_page] 00660 (元大歐洲50)
[22:55:02]   [第3輪 19/30] [最終失敗:menu_http_error] 00657 (國泰日經225)
[22:55:03]   [第3輪 20/30] [最終失敗:menu_http_error] 00662 (富邦NASDAQ)
[22:55:09]   [第3輪 21/30] [終極救回 OK] 00666R (富邦恒生國企反1) -> 成功補回 11 筆！
[22:55:10]   [第3輪 22/30] [終極救回 OK] 00673R (期元大S&P原油反1) -> 成功補回 671 筆！
[22:55:12]   [第3輪 23/30] [終極救回 OK] 00670L (富邦NASDAQ正2) -> 成功補回 276 筆！
[22:55:18]   [第3輪 24/30] [最終失敗:menu_http_error] 00668K (國泰美國道瓊+U)
[22:55:20]   [第3輪 25/30] [終極救回 OK] 00675L (富邦臺灣加權正2) -> 成功補回 223 筆！
[22:55:20]   [第3輪 26/30] [終極救回 OK] 00678 (群益那斯達克生技) -> 成功補回 49 筆！
[22:55:22]   [第3輪 27/30] [終極救回 OK] 00681R (元大美債20反1) -> 成功補回 3 筆！
[22:55:28]   [第3輪 28/30] [最終失敗:menu_http_error] 00683L (期元大美元指正2)
[22:55:30]   [第3輪 29/30] [終極救回 OK] 00710B (復華彭博非投等債) -> 成功補回 52 筆！
[22:55:31]   [第3輪 30/30] [終極救回 OK] 00712 (復華富時不動產) -> 成功補回 797 筆！
[22:55:31] [+] 第 3 輪補抓完成！成功救回 20/30 檔 (確認無成交: 0 檔 | 剩餘未成功: 10 檔)

[22:55:31] [!] 達到最大補抓輪數 (3 輪)，剩餘技術性失敗標的: 10 檔
[22:55:31] [TWSE 診斷] 技術性失敗主因 Top 4: menu_http_error=74, post_generic_error_page=3, captcha_http_error=1, post_http_error=1
[2026-09-16 22:55:31] [✓] TWSE 上市採集完成：共分配 50 檔 | 有效成交產出: 40 檔 | 無成交/略過: 0 檔 | 失敗: 10 檔
[2026-09-16 22:55:31] [*] TWSE 技術性失敗診斷 Top 4: menu_http_error=74, post_generic_error_page=3, captcha_http_error=1, post_http_error=1
[2026-09-16 22:55:31] >>> [數據整合] 彙整分點資料中...
[2026-09-16 22:55:31] [+] 總標的數: 40 檔
[2026-09-16 22:55:31] [+] 總資料筆數: 10,035 列
[2026-09-16 22:55:31] [✓] Parquet 檔案已儲存: D:\MyProject\stock_data_downloader\output\api_absr1_2026-09-16_2026-09-16_twse_shard_0.parquet (0.48 MB, ZSTD 高度壓縮)
==================================================
[2026-09-16 22:55:31] [OK] 本節點爬蟲任務執行完畢！
[2026-09-16 22:55:31] [*] 啟動時間: 2026-09-16 22:51:12
[2026-09-16 22:55:31] [+] 全市場掃描: 100% 完成 (共 50 檔 | 有效成交產出: 40 檔 | 無成交/略過: 0 檔)
[2026-09-16 22:55:31] [*] 雲端分片模式 (Shard 1/2)：分片已生成，推播通知將於後續聚合步驟統一發送。
[2026-09-16 22:55:31] [!] 嚴格品質檢查：本分片共有 10 檔採集失敗，判定本分片失敗！
[2026-09-16 22:55:31]     - 00648R (元大S&P500反1): menu_http_error
[2026-09-16 22:55:31]     - 00646 (元大S&P500): menu_http_error
[2026-09-16 22:55:31]     - 00653L (富邦印度正2): post_generic_error_page
[2026-09-16 22:55:31]     - 00651R (復華香港反1): menu_http_error
[2026-09-16 22:55:31]     - 00655L (國泰中國A50正2): post_generic_error_page
[2026-09-16 22:55:31]     - 00660 (元大歐洲50): post_generic_error_page
[2026-09-16 22:55:31]     - 00657 (國泰日經225): menu_http_error
[2026-09-16 22:55:31]     - 00662 (富邦NASDAQ): menu_http_error
[2026-09-16 22:55:31]     - 00668K (國泰美國道瓊+U): menu_http_error
[2026-09-16 22:55:31]     - 00683L (期元大美元指正2): menu_http_error
[*] [日誌系統] 執行日誌檔案已建立: D:\MyProject\stock_data_downloader\logs\crawler_twse_shard_0.log
[✓] 【開盤日確認】2026-09-16 為台股正常營業日，爬蟲正常啟動！
==================================================
[2026-09-16 22:56:15] [*] 全市場台股分點買賣日報表統一調度控制器 (Coordinator) 啟動
[2026-09-16 22:56:15] [*] 啟動時間: 2026-09-16 22:56:15
[2026-09-16 22:56:15] [*] 執行交易日期: 2026-09-16
[2026-09-16 22:56:15] [*] 目標市場範疇 (Market): TWSE (產檔規格: api_absr1_2026-09-16_2026-09-16_twse.parquet)
[2026-09-16 22:56:15] [*] 雲端分片模式: 節點 1 / 2 (Shard ID: 0)
[2026-09-16 22:56:15] [*] 併發配置: TWSE 上市 2 Workers (純HTTP高速) | TPEX 上櫃 1 Workers (CDP瀏覽器穩健)
[2026-09-16 22:56:15] [*] 上市最大補抓輪數: 7 輪
[2026-09-16 22:56:15] [*] TWSE 嚴格偵測: ON (最少樣本數: 30)
[2026-09-16 22:56:15] [*] 成果輸出路徑: D:\MyProject\stock_data_downloader\output
==================================================
[2026-09-16 22:56:15] >>> [階段 1/2] 啟動 TWSE 上市股票分點抓取 (2 Workers, 最多 6 輪安全補抓)...
[2026-09-16 22:56:16] [*] 取得上市標的清單: 50 檔 (分片 1/2)
==================================================
[*] TWSE 上市券商買賣日報表爬蟲 (7 輪終極自適應安全防護版)
[*] 目標交易日期: 2026-09-16
[*] 待抓取標的數: 50 檔
[*] 並行執行緒數: 2 Workers (第 1 輪)
[*] 最大補抓輪數: 7 輪 (含第 7 輪深度收斂跑到完機制)
==================================================
[*] 成功載入專用 TWSE CNN 驗證碼模型 (辨識率 98%+)
WARNING:tensorflow:TensorFlow GPU support is not available on native Windows for TensorFlow >= 2.11. Even if CUDA/cuDNN are installed, GPU will not be used. Please use WSL2 or the TensorFlow-DirectML plugin.
[22:56:54] [第1輪 進度 15/50 (30.0%)] 成功: 4 檔 | 無交易/待補: 11 檔 | 累積: 1,506 筆 | 速度: 0.4 檔/s | 剩餘約: 1.5 分鐘
[22:57:24] [第1輪 進度 30/50 (60.0%)] 成功: 12 檔 | 無交易/待補: 18 檔 | 累積: 2,183 筆 | 速度: 0.4 檔/s | 剩餘約: 0.8 分鐘
[22:57:54] [第1輪 進度 45/50 (90.0%)] 成功: 18 檔 | 無交易/待補: 27 檔 | 累積: 2,595 筆 | 速度: 0.5 檔/s | 剩餘約: 0.2 分鐘
[22:58:10] [第1輪 進度 50/50 (100.0%)] 成功: 18 檔 | 無交易/待補: 32 檔 | 累積: 2,595 筆 | 速度: 0.4 檔/s | 剩餘約: 0.0 分鐘

--------------------------------------------------
[22:58:10] [*] 啟動第 2/7 輪精準安全補抓佇列 (待補抓: 32 檔)
[22:58:10] [*] 安全防護策略: 1-Workers 安全並行模式, 請求間隔 2.0s, 單檔 4 次重試
[22:58:10] [*] 偵測到站方壓力型失敗佔比 100.0%，自動降速補抓 (menu_http_error=27, post_generic_error_page=3, captcha_http_error=2)
--------------------------------------------------
[22:58:18]   [第2輪 1/32] [待下輪補抓] 00400A (主動國泰動能高息)
[22:58:23]   [第2輪 2/32] [待下輪補抓] 00404A (主動聯博動能50)
[22:58:28]   [第2輪 3/32] [待下輪補抓] 00402A (主動安聯美國科技)
[22:58:33]   [第2輪 4/32] [OK] 00406A (主動中信台灣收益) -> 成功補回 797 筆！
[22:58:36]   [第2輪 5/32] [OK] 00408A (主動第一金優股息) -> 成功補回 107 筆！
[22:58:38]   [第2輪 6/32] [OK] 00410A (主動永豐科技趨勢) -> 成功補回 335 筆！
[22:58:41]   [第2輪 7/32] [OK] 0051 (元大中型100) -> 成功補回 99 筆！
[22:58:44]   [第2輪 8/32] [OK] 0053 (元大電子) -> 成功補回 425 筆！
[22:58:46]   [第2輪 9/32] [OK] 0056 (元大高股息) -> 成功補回 771 筆！
[22:58:49]   [第2輪 10/32] [OK] 0061 (元大寶滬深) -> 成功補回 54 筆！
[22:58:54]   [第2輪 11/32] [OK] 00633L (富邦上証正2) -> 成功補回 220 筆！
[22:58:58]   [第2輪 12/32] [OK] 00635U (期元大S&P黃金) -> 成功補回 476 筆！
[22:59:00]   [第2輪 13/32] [OK] 00643K (群益深証中小+R) -> 成功補回 2 筆！
[22:59:05]   [第2輪 14/32] [待下輪補抓] 00642U (期元大S&P石油)
[22:59:11]   [第2輪 15/32] [待下輪補抓] 00651R (復華香港反1)
[22:59:14]   [第2輪 16/32] [OK] 00653L (富邦印度正2) -> 成功補回 54 筆！
[22:59:16]   [第2輪 17/32] [OK] 00664R (國泰臺灣加權反1) -> 成功補回 218 筆！
[22:59:21]   [第2輪 18/32] [待下輪補抓] 00662 (富邦NASDAQ)
[22:59:26]   [第2輪 19/32] [待下輪補抓] 00666R (富邦恒生國企反1)
[22:59:31]   [第2輪 20/32] [待下輪補抓] 00673R (期元大S&P原油反1)
[22:59:36]   [第2輪 21/32] [OK] 00675L (富邦臺灣加權正2) -> 成功補回 223 筆！
[22:59:40]   [第2輪 22/32] [待下輪補抓] 00689R (國泰20年美債反1)
[22:59:45]   [第2輪 23/32] [待下輪補抓] 00692 (富邦公司治理)
[22:59:50]   [第2輪 24/32] [待下輪補抓] 00702 (國泰標普低波高息)
[22:59:55]   [第2輪 25/32] [待下輪補抓] 00700 (富邦恒生國企)
[23:00:00]   [第2輪 26/32] [待下輪補抓] 00708L (期元大S&P黃金正2)
[23:00:06]   [第2輪 27/32] [待下輪補抓] 00706L (期元大S&P日圓正2)
[23:00:11]   [第2輪 28/32] [待下輪補抓] 00710B (復華彭博非投等債)
[23:00:16]   [第2輪 29/32] [待下輪補抓] 00712 (復華富時不動產)
[23:00:19]   [第2輪 30/32] [OK] 00714 (群益道瓊美國地產) -> 成功補回 27 筆！
[23:00:23]   [第2輪 31/32] [待下輪補抓] 00717 (富邦美國特別股)
[23:00:29]   [第2輪 32/32] [OK] 00730 (富邦臺灣優質高息) -> 成功補回 74 筆！
[23:00:29] [+] 第 2 輪補抓完成！成功救回 15/32 檔 (確認無成交: 0 檔 | 剩餘未成功: 17 檔)

--------------------------------------------------
[23:00:29] [*] 啟動第 3/7 輪精準安全補抓佇列 (待補抓: 17 檔)
[23:00:29] [*] 安全防護策略: 1-Workers 安全並行模式, 請求間隔 2.6s, 單檔 4 次重試
[23:00:29] [*] 偵測到站方壓力型失敗佔比 94.1%，自動降速補抓 (menu_http_error=13, post_generic_error_page=2, post_http_error=1)
--------------------------------------------------
[23:00:37]   [第3輪 1/17] [待下輪補抓] 00400A (主動國泰動能高息)
[23:00:43]   [第3輪 2/17] [待下輪補抓] 00404A (主動聯博動能50)
[23:00:49]   [第3輪 3/17] [待下輪補抓] 00402A (主動安聯美國科技)
[23:00:54]   [第3輪 4/17] [待下輪補抓] 00642U (期元大S&P石油)
[23:01:00]   [第3輪 5/17] [待下輪補抓] 00651R (復華香港反1)
[23:01:08]   [第3輪 6/17] [待下輪補抓] 00662 (富邦NASDAQ)
[23:01:13]   [第3輪 7/17] [待下輪補抓] 00666R (富邦恒生國企反1)
[23:01:19]   [第3輪 8/17] [待下輪補抓] 00673R (期元大S&P原油反1)
[23:01:25]   [第3輪 9/17] [待下輪補抓] 00689R (國泰20年美債反1)
[23:01:31]   [第3輪 10/17] [待下輪補抓] 00692 (富邦公司治理)
[23:01:35]   [第3輪 11/17] [OK] 00702 (國泰標普低波高息) -> 成功補回 12 筆！
[23:01:41]   [第3輪 12/17] [待下輪補抓] 00700 (富邦恒生國企)
[23:01:45]   [第3輪 13/17] [OK] 00708L (期元大S&P黃金正2) -> 成功補回 515 筆！
[23:01:50]   [第3輪 14/17] [待下輪補抓] 00706L (期元大S&P日圓正2)
[23:01:55]   [第3輪 15/17] [OK] 00710B (復華彭博非投等債) -> 成功補回 52 筆！
[23:02:01]   [第3輪 16/17] [待下輪補抓] 00712 (復華富時不動產)
[23:02:07]   [第3輪 17/17] [待下輪補抓] 00717 (富邦美國特別股)
[23:02:07] [+] 第 3 輪補抓完成！成功救回 3/17 檔 (確認無成交: 0 檔 | 剩餘未成功: 14 檔)

--------------------------------------------------
[23:02:07] [*] 啟動第 4/7 輪精準安全補抓佇列 (待補抓: 14 檔)
[23:02:07] [*] 安全防護策略: 1-Workers 安全並行模式, 請求間隔 3.3s, 單檔 4 次重試
[23:02:07] [*] 偵測到站方壓力型失敗佔比 100.0%，自動降速補抓 (menu_http_error=12, post_generic_error_page=2)
--------------------------------------------------
[23:02:15]   [第4輪 1/14] [待下輪補抓] 00400A (主動國泰動能高息)
[23:02:22]   [第4輪 2/14] [待下輪補抓] 00404A (主動聯博動能50)
[23:02:28]   [第4輪 3/14] [待下輪補抓] 00402A (主動安聯美國科技)
[23:02:35]   [第4輪 4/14] [待下輪補抓] 00642U (期元大S&P石油)
[23:02:42]   [第4輪 5/14] [待下輪補抓] 00651R (復華香港反1)
[23:02:48]   [第4輪 6/14] [待下輪補抓] 00662 (富邦NASDAQ)
[23:02:55]   [第4輪 7/14] [待下輪補抓] 00666R (富邦恒生國企反1)
[23:03:01]   [第4輪 8/14] [待下輪補抓] 00673R (期元大S&P原油反1)
[23:03:08]   [第4輪 9/14] [待下輪補抓] 00689R (國泰20年美債反1)
[23:03:15]   [第4輪 10/14] [OK] 00692 (富邦公司治理) -> 成功補回 214 筆！
[23:03:20]   [第4輪 11/14] [待下輪補抓] 00700 (富邦恒生國企)
[23:03:25]   [第4輪 12/14] [OK] 00706L (期元大S&P日圓正2) -> 成功補回 131 筆！
[23:03:31]   [第4輪 13/14] [待下輪補抓] 00712 (復華富時不動產)
[23:03:35]   [第4輪 14/14] [OK] 00717 (富邦美國特別股) -> 成功補回 32 筆！
[23:03:35] [+] 第 4 輪補抓完成！成功救回 3/14 檔 (確認無成交: 0 檔 | 剩餘未成功: 11 檔)

--------------------------------------------------
[23:03:35] [*] 啟動第 5/7 輪精準安全補抓佇列 (待補抓: 11 檔)
[23:03:35] [*] 安全防護策略: 1-Workers 安全並行模式, 請求間隔 4.0s, 單檔 6 次重試
[23:03:35] [*] 偵測到站方壓力型失敗佔比 100.0%，自動降速補抓 (menu_http_error=9, post_generic_error_page=2)
--------------------------------------------------
[23:03:46]   [第5輪 1/11] [待下輪補抓] 00400A (主動國泰動能高息)
[23:03:51]   [第5輪 2/11] [OK] 00404A (主動聯博動能50) -> 成功補回 521 筆！
[23:03:59]   [第5輪 3/11] [待下輪補抓] 00402A (主動安聯美國科技)
[23:04:08]   [第5輪 4/11] [待下輪補抓] 00642U (期元大S&P石油)
[23:04:17]   [第5輪 5/11] [待下輪補抓] 00651R (復華香港反1)
[23:04:22]   [第5輪 6/11] [OK] 00662 (富邦NASDAQ) -> 成功補回 574 筆！
[23:04:30]   [第5輪 7/11] [待下輪補抓] 00666R (富邦恒生國企反1)
[23:04:39]   [第5輪 8/11] [待下輪補抓] 00673R (期元大S&P原油反1)
[23:04:48]   [第5輪 9/11] [待下輪補抓] 00689R (國泰20年美債反1)
[23:04:57]   [第5輪 10/11] [待下輪補抓] 00700 (富邦恒生國企)
[23:05:06]   [第5輪 11/11] [待下輪補抓] 00712 (復華富時不動產)
[23:05:06] [+] 第 5 輪補抓完成！成功救回 2/11 檔 (確認無成交: 0 檔 | 剩餘未成功: 9 檔)

--------------------------------------------------
[23:05:06] [*] 啟動第 6/7 輪精準安全補抓佇列 (待補抓: 9 檔)
[23:05:06] [*] 安全防護策略: 1-Workers 安全並行模式, 請求間隔 4.8s, 單檔 6 次重試
[23:05:06] [*] 偵測到站方壓力型失敗佔比 100.0%，自動降速補抓 (menu_http_error=7, post_http_error=2)
--------------------------------------------------
[23:05:17]   [第6輪 1/9] [待下輪補抓] 00400A (主動國泰動能高息)
[23:05:27]   [第6輪 2/9] [OK] 00402A (主動安聯美國科技) -> 成功補回 260 筆！
[23:05:36]   [第6輪 3/9] [待下輪補抓] 00642U (期元大S&P石油)
[23:05:46]   [第6輪 4/9] [待下輪補抓] 00651R (復華香港反1)
[23:05:55]   [第6輪 5/9] [待下輪補抓] 00666R (富邦恒生國企反1)
[23:06:04]   [第6輪 6/9] [待下輪補抓] 00673R (期元大S&P原油反1)
[23:06:14]   [第6輪 7/9] [待下輪補抓] 00689R (國泰20年美債反1)
[23:06:26]   [第6輪 8/9] [待下輪補抓] 00700 (富邦恒生國企)
[23:06:35]   [第6輪 9/9] [待下輪補抓] 00712 (復華富時不動產)
[23:06:35] [+] 第 6 輪補抓完成！成功救回 1/9 檔 (確認無成交: 0 檔 | 剩餘未成功: 8 檔)

--------------------------------------------------
[23:06:35] [FINAL] 【啟動第 7/7 輪終極收斂跑到底機制】(待補抓: 8 檔)
[23:06:35] [*] 終極防護策略: 1-Workers 溫和無干擾模式, 請求間隔 5.6s, 單檔最高 8 次深度辨識重試！
[23:06:35] [*] 偵測到站方壓力型失敗佔比 100.0%，自動降速補抓 (menu_http_error=7, post_generic_error_page=1)
--------------------------------------------------
[23:06:45]   [第7輪 1/8] [終極救回 OK] 00400A (主動國泰動能高息) -> 成功補回 648 筆！
[23:06:55]   [第7輪 2/8] [終極救回 OK] 00642U (期元大S&P石油) -> 成功補回 332 筆！
[23:07:06]   [第7輪 3/8] [終極救回 OK] 00651R (復華香港反1) -> 成功補回 13 筆！
[23:07:18]   [第7輪 4/8] [最終失敗:menu_http_error] 00666R (富邦恒生國企反1)
[23:07:28]   [第7輪 5/8] [終極救回 OK] 00673R (期元大S&P原油反1) -> 成功補回 671 筆！
[23:07:38]   [第7輪 6/8] [終極救回 OK] 00689R (國泰20年美債反1) -> 成功補回 5 筆！
[23:07:48]   [第7輪 7/8] [終極救回 OK] 00700 (富邦恒生國企) -> 成功補回 32 筆！
[23:08:00]   [第7輪 8/8] [最終失敗:menu_http_error] 00712 (復華富時不動產)
[23:08:00] [+] 第 7 輪補抓完成！成功救回 6/8 檔 (確認無成交: 0 檔 | 剩餘未成功: 2 檔)

[23:08:00] [!] 達到最大補抓輪數 (7 輪)，剩餘技術性失敗標的: 2 檔
[23:08:00] [TWSE 診斷] 技術性失敗主因 Top 5: menu_http_error=77, post_generic_error_page=10, post_http_error=3, captcha_http_error=2, captcha_rejected=1
[2026-09-16 23:08:00] [✓] TWSE 上市採集完成：共分配 50 檔 | 有效成交產出: 48 檔 | 無成交/略過: 0 檔 | 失敗: 2 檔
[2026-09-16 23:08:00] [*] TWSE 技術性失敗診斷 Top 5: menu_http_error=77, post_generic_error_page=10, post_http_error=3, captcha_http_error=2, captcha_rejected=1
[2026-09-16 23:08:00] >>> [數據整合] 彙整分點資料中...
[2026-09-16 23:08:00] [+] 總標的數: 48 檔
[2026-09-16 23:08:00] [+] 總資料筆數: 10,489 列
[2026-09-16 23:08:00] [✓] Parquet 檔案已儲存: D:\MyProject\stock_data_downloader\output\api_absr1_2026-09-16_2026-09-16_twse_shard_0.parquet (0.49 MB, ZSTD 高度壓縮)
==================================================
[2026-09-16 23:08:00] [OK] 本節點爬蟲任務執行完畢！
[2026-09-16 23:08:00] [*] 啟動時間: 2026-09-16 22:56:15
[2026-09-16 23:08:00] [+] 全市場掃描: 100% 完成 (共 50 檔 | 有效成交產出: 48 檔 | 無成交/略過: 0 檔)
[2026-09-16 23:08:00] [*] 雲端分片模式 (Shard 1/2)：分片已生成，推播通知將於後續聚合步驟統一發送。
[2026-09-16 23:08:00] [!] 嚴格品質檢查：本分片共有 2 檔採集失敗，判定本分片失敗！
[2026-09-16 23:08:00]     - 00666R (富邦恒生國企反1): menu_http_error
[2026-09-16 23:08:00]     - 00712 (復華富時不動產): menu_http_error
