[*] [日誌系統] 執行日誌檔案已建立: D:\MyProject\stock_data_downloader\logs\crawler_all_20260916_225914.log
[✓] 【開盤日確認】2026-09-16 為台股正常營業日，爬蟲正常啟動！
==================================================
[2026-09-16 22:59:14] [*] 全市場台股分點買賣日報表統一調度控制器 (Coordinator) 啟動
[2026-09-16 22:59:14] [*] 啟動時間: 2026-09-16 22:59:14
[2026-09-16 22:59:14] [*] 執行交易日期: 2026-09-16
[2026-09-16 22:59:14] [*] 目標市場範疇 (Market): ALL (產檔規格: api_absr1_2026-09-16_2026-09-16.parquet)
[2026-09-16 22:59:14] [*] 併發配置: TWSE 上市 2 Workers (純HTTP高速) | TPEX 上櫃 1 Workers (CDP瀏覽器穩健)
[2026-09-16 22:59:14] [*] 上市最大補抓輪數: 7 輪
[2026-09-16 22:59:14] [*] TWSE 嚴格偵測: ON (最少樣本數: 30)
[2026-09-16 22:59:14] [*] 成果輸出路徑: D:\MyProject\stock_data_downloader\output
==================================================
[2026-09-16 22:59:14] >>> [階段 1/2] 啟動 TWSE 上市股票分點抓取 (2 Workers, 最多 6 輪安全補抓)...
[2026-09-16 22:59:14] [*] 取得上市標的清單: 1371 檔 (分片 1/1)
==================================================
[*] TWSE 上市券商買賣日報表爬蟲 (7 輪終極自適應安全防護版)
[*] 目標交易日期: 2026-09-16
[*] 待抓取標的數: 1371 檔
[*] 並行執行緒數: 2 Workers (第 1 輪)
[*] 最大補抓輪數: 7 輪 (含第 7 輪深度收斂跑到完機制)
==================================================
[*] 成功載入專用 TWSE CNN 驗證碼模型 (辨識率 98%+)
WARNING:tensorflow:TensorFlow GPU support is not available on native Windows for TensorFlow >= 2.11. Even if CUDA/cuDNN are installed, GPU will not be used. Please use WSL2 or the TensorFlow-DirectML plugin.
[22:59:37] [第1輪 進度 15/1371 (1.1%)] 成功: 10 檔 | 無交易/待補: 5 檔 | 累積: 5,089 筆 | 速度: 0.6 檔/s | 剩餘約: 34.9 分鐘
[23:00:18] [第1輪 進度 30/1371 (2.2%)] 成功: 10 檔 | 無交易/待補: 20 檔 | 累積: 5,089 筆 | 速度: 0.5 檔/s | 剩餘約: 47.2 分鐘
