[*] [日誌系統] 執行日誌檔案已建立: D:\MyProject\stock_data_downloader\logs\crawler_twse_shard_1.log
[✓] 【開盤日確認】2026-09-16 為台股正常營業日，爬蟲正常啟動！
==================================================
[2026-09-16 22:10:03] [*] 全市場台股分點買賣日報表統一調度控制器 (Coordinator) 啟動
[2026-09-16 22:10:03] [*] 啟動時間: 2026-09-16 22:10:03
[2026-09-16 22:10:03] [*] 執行交易日期: 2026-09-16
[2026-09-16 22:10:03] [*] 目標市場範疇 (Market): TWSE (產檔規格: api_absr1_2026-09-16_2026-09-16_twse.parquet)
[2026-09-16 22:10:03] [*] 雲端分片模式: 節點 2 / 2 (Shard ID: 1)
[2026-09-16 22:10:03] [*] 併發配置: TWSE 上市 1 Workers (純HTTP高速) | TPEX 上櫃 1 Workers (CDP瀏覽器穩健)
[2026-09-16 22:10:03] [*] 上市最大補抓輪數: 7 輪
[2026-09-16 22:10:03] [*] 成果輸出路徑: D:\MyProject\stock_data_downloader\output
==================================================
[2026-09-16 22:10:03] >>> [階段 1/2] 啟動 TWSE 上市股票分點抓取 (1 Workers, 最多 6 輪安全補抓)...
[2026-09-16 22:10:03] [*] 取得上市標的清單: 685 檔 (分片 2/2)
==================================================
[*] TWSE 上市券商買賣日報表爬蟲 (7 輪終極自適應安全防護版)
[*] 目標交易日期: 2026-09-16
[*] 待抓取標的數: 685 檔
[*] 並行執行緒數: 1 Workers (第 1 輪)
[*] 最大補抓輪數: 7 輪 (含第 7 輪深度收斂跑到完機制)
==================================================
[*] 成功載入專用 TWSE CNN 驗證碼模型 (辨識率 98%+)
WARNING:tensorflow:TensorFlow GPU support is not available on native Windows for TensorFlow >= 2.11. Even if CUDA/cuDNN are installed, GPU will not be used. Please use WSL2 or the TensorFlow-DirectML plugin.
[22:11:37] [第1輪 進度 15/685 (2.2%)] 成功: 0 檔 | 無交易/待補: 15 檔 | 累積: 0 筆 | 速度: 0.2 檔/s | 剩餘約: 70.0 分鐘
[22:12:56] [第1輪 進度 30/685 (4.4%)] 成功: 0 檔 | 無交易/待補: 30 檔 | 累積: 0 筆 | 速度: 0.2 檔/s | 剩餘約: 62.9 分鐘
[*] [日誌系統] 執行日誌檔案已建立: D:\MyProject\stock_data_downloader\logs\crawler_twse_shard_1.log
[✓] 【開盤日確認】2026-09-16 為台股正常營業日，爬蟲正常啟動！
==================================================
[2026-09-16 22:46:40] [*] 全市場台股分點買賣日報表統一調度控制器 (Coordinator) 啟動
[2026-09-16 22:46:40] [*] 啟動時間: 2026-09-16 22:46:40
[2026-09-16 22:46:40] [*] 執行交易日期: 2026-09-16
[2026-09-16 22:46:40] [*] 目標市場範疇 (Market): TWSE (產檔規格: api_absr1_2026-09-16_2026-09-16_twse.parquet)
[2026-09-16 22:46:40] [*] 雲端分片模式: 節點 2 / 2 (Shard ID: 1)
[2026-09-16 22:46:40] [*] 併發配置: TWSE 上市 2 Workers (純HTTP高速) | TPEX 上櫃 1 Workers (CDP瀏覽器穩健)
[2026-09-16 22:46:40] [*] 上市最大補抓輪數: 3 輪
[2026-09-16 22:46:40] [*] TWSE 嚴格偵測: ON (最少樣本數: 30)
[2026-09-16 22:46:40] [*] 成果輸出路徑: D:\MyProject\stock_data_downloader\output
==================================================
[2026-09-16 22:46:40] >>> [階段 1/2] 啟動 TWSE 上市股票分點抓取 (2 Workers, 最多 6 輪安全補抓)...
[2026-09-16 22:46:40] [*] 取得上市標的清單: 50 檔 (分片 2/2)
==================================================
[*] TWSE 上市券商買賣日報表爬蟲 (7 輪終極自適應安全防護版)
[*] 目標交易日期: 2026-09-16
[*] 待抓取標的數: 50 檔
[*] 並行執行緒數: 2 Workers (第 1 輪)
[*] 最大補抓輪數: 3 輪 (含第 7 輪深度收斂跑到完機制)
==================================================
[*] 成功載入專用 TWSE CNN 驗證碼模型 (辨識率 98%+)
WARNING:tensorflow:TensorFlow GPU support is not available on native Windows for TensorFlow >= 2.11. Even if CUDA/cuDNN are installed, GPU will not be used. Please use WSL2 or the TensorFlow-DirectML plugin.
[22:47:24] [第1輪 進度 15/50 (30.0%)] 成功: 0 檔 | 無交易/待補: 15 檔 | 累積: 0 筆 | 速度: 0.3 檔/s | 剩餘約: 1.7 分鐘
[22:48:02] [第1輪 進度 30/50 (60.0%)] 成功: 0 檔 | 無交易/待補: 30 檔 | 累積: 0 筆 | 速度: 0.4 檔/s | 剩餘約: 0.9 分鐘
[22:48:02] [TWSE 嚴格偵測] TWSE 嚴格偵測命中：前 30 檔成功率僅 0.0%，無成交比率 0.0%，技術性異常比率 100.0%；主因 menu_http_error=25, post_missing_download_link=5
[2026-09-16 22:48:02] [!] TWSE 嚴格偵測提前中止：TWSE 嚴格偵測命中：前 30 檔成功率僅 0.0%，無成交比率 0.0%，技術性異常比率 100.0%；主因 menu_http_error=25, post_missing_download_link=5
[2026-09-16 22:48:02] [!] TWSE 異常主因 Top 2: menu_http_error=25, post_missing_download_link=5
[*] [日誌系統] 執行日誌檔案已建立: D:\MyProject\stock_data_downloader\logs\crawler_twse_shard_1.log
[✓] 【開盤日確認】2026-09-16 為台股正常營業日，爬蟲正常啟動！
==================================================
[2026-09-16 22:51:12] [*] 全市場台股分點買賣日報表統一調度控制器 (Coordinator) 啟動
[2026-09-16 22:51:12] [*] 啟動時間: 2026-09-16 22:51:12
[2026-09-16 22:51:12] [*] 執行交易日期: 2026-09-16
[2026-09-16 22:51:12] [*] 目標市場範疇 (Market): TWSE (產檔規格: api_absr1_2026-09-16_2026-09-16_twse.parquet)
[2026-09-16 22:51:12] [*] 雲端分片模式: 節點 2 / 2 (Shard ID: 1)
[2026-09-16 22:51:12] [*] 併發配置: TWSE 上市 2 Workers (純HTTP高速) | TPEX 上櫃 1 Workers (CDP瀏覽器穩健)
[2026-09-16 22:51:12] [*] 上市最大補抓輪數: 3 輪
[2026-09-16 22:51:12] [*] TWSE 嚴格偵測: ON (最少樣本數: 30)
[2026-09-16 22:51:12] [*] 成果輸出路徑: D:\MyProject\stock_data_downloader\output
==================================================
[2026-09-16 22:51:13] >>> [階段 1/2] 啟動 TWSE 上市股票分點抓取 (2 Workers, 最多 6 輪安全補抓)...
[2026-09-16 22:51:13] [*] 取得上市標的清單: 50 檔 (分片 2/2)
==================================================
[*] TWSE 上市券商買賣日報表爬蟲 (7 輪終極自適應安全防護版)
[*] 目標交易日期: 2026-09-16
[*] 待抓取標的數: 50 檔
[*] 並行執行緒數: 2 Workers (第 1 輪)
[*] 最大補抓輪數: 3 輪 (含第 7 輪深度收斂跑到完機制)
==================================================
[*] 成功載入專用 TWSE CNN 驗證碼模型 (辨識率 98%+)
WARNING:tensorflow:TensorFlow GPU support is not available on native Windows for TensorFlow >= 2.11. Even if CUDA/cuDNN are installed, GPU will not be used. Please use WSL2 or the TensorFlow-DirectML plugin.
[22:51:50] [第1輪 進度 15/50 (30.0%)] 成功: 4 檔 | 無交易/待補: 11 檔 | 累積: 2,857 筆 | 速度: 0.4 檔/s | 剩餘約: 1.4 分鐘
[22:52:32] [第1輪 進度 30/50 (60.0%)] 成功: 4 檔 | 無交易/待補: 26 檔 | 累積: 2,857 筆 | 速度: 0.4 檔/s | 剩餘約: 0.9 分鐘
[22:53:06] [第1輪 進度 45/50 (90.0%)] 成功: 8 檔 | 無交易/待補: 37 檔 | 累積: 3,059 筆 | 速度: 0.4 檔/s | 剩餘約: 0.2 分鐘
[22:53:18] [第1輪 進度 50/50 (100.0%)] 成功: 10 檔 | 無交易/待補: 40 檔 | 累積: 3,515 筆 | 速度: 0.4 檔/s | 剩餘約: 0.0 分鐘

--------------------------------------------------
[22:53:18] [*] 啟動第 2/3 輪精準安全補抓佇列 (待補抓: 40 檔)
[22:53:18] [*] 安全防護策略: 4-Workers 安全並行模式, 請求間隔 1.2s, 單檔 4 次重試
--------------------------------------------------
[22:53:25]   [第2輪 1/40] [待下輪補抓] 0052 (富邦科技)
[22:53:26]   [第2輪 2/40] [待下輪補抓] 00407A (主動凱基台灣)
[22:53:26]   [第2輪 3/40] [待下輪補抓] 00401A (主動摩根台灣鑫收)
[22:53:26]   [第2輪 4/40] [待下輪補抓] 0055 (元大MSCI金融)
[22:53:30]   [第2輪 5/40] [待下輪補抓] 006203 (元大MSCI台灣)
[22:53:30]   [第2輪 6/40] [待下輪補抓] 006205 (富邦上証)
[22:53:30]   [第2輪 7/40] [待下輪補抓] 006207 (復華滬深)
[22:53:30]   [第2輪 8/40] [待下輪補抓] 0057 (富邦摩台)
[22:53:34]   [第2輪 9/40] [待下輪補抓] 00625K (富邦上証+R)
[22:53:34]   [第2輪 10/40] [待下輪補抓] 00632R (元大台灣50反1)
[22:53:35]   [第2輪 11/40] [待下輪補抓] 00634R (富邦上証反1)
[22:53:35]   [第2輪 12/40] [待下輪補抓] 00636 (國泰中國A50)
[22:53:36]   [第2輪 13/40] [OK] 00637L (元大滬深300正2) -> 成功補回 491 筆！
[22:53:39]   [第2輪 14/40] [待下輪補抓] 00639 (富邦深100)
[22:53:39]   [第2輪 15/40] [待下輪補抓] 00641R (富邦日本反1)
[22:53:39]   [第2輪 16/40] [待下輪補抓] 00643 (群益深証中小)
[22:53:40]   [第2輪 17/40] [待下輪補抓] 00645 (富邦日本)
[22:53:43]   [第2輪 18/40] [待下輪補抓] 00647L (元大S&P500正2)
[22:53:44]   [第2輪 19/40] [待下輪補抓] 00650L (復華香港正2)
[22:53:44]   [第2輪 20/40] [待下輪補抓] 00652 (富邦印度)
[22:53:45]   [第2輪 21/40] [OK] 00654R (富邦印度反1) -> 成功補回 10 筆！
[22:53:46]   [第2輪 22/40] [OK] 00656R (國泰中國A50反1) -> 成功補回 8 筆！
[22:53:46]   [第2輪 23/40] [OK] 00657K (國泰日經225+U) -> 成功補回 2 筆！
[22:53:46]   [第2輪 24/40] [OK] 00661 (元大日經225) -> 成功補回 68 筆！
[22:53:48]   [第2輪 25/40] [待下輪補抓] 00663L (國泰臺灣加權正2)
[22:53:50]   [第2輪 26/40] [待下輪補抓] 00665L (富邦恒生國企正2)
[22:53:50]   [第2輪 27/40] [待下輪補抓] 00669R (國泰美國道瓊反1)
[22:53:50]   [第2輪 28/40] [待下輪補抓] 00668 (國泰美國道瓊)
[22:53:53]   [第2輪 29/40] [待下輪補抓] 00671R (富邦NASDAQ反1)
[22:53:54]   [第2輪 30/40] [待下輪補抓] 00674R (期元大S&P黃金反1)
[22:53:55]   [第2輪 31/40] [待下輪補抓] 00676R (富邦臺灣加權反1)
[22:53:55]   [第2輪 32/40] [待下輪補抓] 00680L (元大美債20正2)
[22:53:56]   [第2輪 33/40] [OK] 00682U (期元大美元指數) -> 成功補回 2 筆！
[22:53:56]   [第2輪 34/40] [OK] 00685L (群益臺灣加權正2) -> 成功補回 757 筆！
[22:53:59]   [第2輪 35/40] [待下輪補抓] 00688L (國泰20年美債正2)
[22:53:59]   [第2輪 36/40] [待下輪補抓] 00690 (兆豐藍籌30)
[22:54:00]   [第2輪 37/40] [待下輪補抓] 00693U (期街口S&P黃豆)
[22:54:00]   [第2輪 38/40] [待下輪補抓] 00711B (復華彭博新興債)
[22:54:03]   [第2輪 39/40] [待下輪補抓] 00713 (元大台灣高息低波)
[22:54:03]   [第2輪 40/40] [待下輪補抓] 00731 (復華富時高息低波)
[22:54:03] [+] 第 2 輪補抓完成！成功救回 7/40 檔 (確認無成交: 0 檔 | 剩餘未成功: 33 檔)

--------------------------------------------------
[22:54:03] [FINAL] 【啟動第 3/3 輪終極收斂跑到底機制】(待補抓: 33 檔)
[22:54:03] [*] 終極防護策略: 2-Workers 溫和無干擾模式, 請求間隔 1.8s, 單檔最高 8 次深度辨識重試！
--------------------------------------------------
[22:54:09]   [第3輪 1/33] [終極救回 OK] 00407A (主動凱基台灣) -> 成功補回 567 筆！
[22:54:09]   [第3輪 2/33] [終極救回 OK] 0052 (富邦科技) -> 成功補回 737 筆！
[22:54:15]   [第3輪 3/33] [最終失敗:menu_http_error] 0055 (元大MSCI金融)
[22:54:17]   [第3輪 4/33] [終極救回 OK] 00401A (主動摩根台灣鑫收) -> 成功補回 255 筆！
[22:54:18]   [第3輪 5/33] [終極救回 OK] 006203 (元大MSCI台灣) -> 成功補回 65 筆！
[22:54:19]   [第3輪 6/33] [終極救回 OK] 006205 (富邦上証) -> 成功補回 44 筆！
[22:54:26]   [第3輪 7/33] [最終失敗:menu_http_error] 006207 (復華滬深)
[22:54:27]   [第3輪 8/33] [終極救回 OK] 0057 (富邦摩台) -> 成功補回 299 筆！
[22:54:29]   [第3輪 9/33] [終極救回 OK] 00625K (富邦上証+R) -> 成功補回 2 筆！
[22:54:30]   [第3輪 10/33] [終極救回 OK] 00632R (元大台灣50反1) -> 成功補回 710 筆！
[22:54:37]   [第3輪 11/33] [最終失敗:menu_http_error] 00634R (富邦上証反1)
[22:54:37]   [第3輪 12/33] [最終失敗:menu_http_error] 00636 (國泰中國A50)
[22:54:45]   [第3輪 13/33] [最終失敗:post_generic_error_page] 00639 (富邦深100)
[22:54:46]   [第3輪 14/33] [最終失敗:post_http_error] 00641R (富邦日本反1)
[22:54:53]   [第3輪 15/33] [最終失敗:menu_http_error] 00643 (群益深証中小)
[22:54:54]   [第3輪 16/33] [最終失敗:post_generic_error_page] 00645 (富邦日本)
[22:55:01]   [第3輪 17/33] [最終失敗:menu_http_error] 00647L (元大S&P500正2)
[22:55:03]   [第3輪 18/33] [最終失敗:menu_http_error] 00650L (復華香港正2)
[22:55:09]   [第3輪 19/33] [終極救回 OK] 00652 (富邦印度) -> 成功補回 118 筆！
[22:55:09]   [第3輪 20/33] [終極救回 OK] 00663L (國泰臺灣加權正2) -> 成功補回 362 筆！
[22:55:12]   [第3輪 21/33] [終極救回 OK] 00669R (國泰美國道瓊反1) -> 成功補回 38 筆！
[22:55:12]   [第3輪 22/33] [終極救回 OK] 00665L (富邦恒生國企正2) -> 成功補回 238 筆！
[22:55:20]   [第3輪 23/33] [終極救回 OK] 00671R (富邦NASDAQ反1) -> 成功補回 70 筆！
[22:55:20]   [第3輪 24/33] [終極救回 OK] 00668 (國泰美國道瓊) -> 成功補回 32 筆！
[22:55:22]   [第3輪 25/33] [終極救回 OK] 00674R (期元大S&P黃金反1) -> 成功補回 36 筆！
[22:55:22]   [第3輪 26/33] [終極救回 OK] 00676R (富邦臺灣加權反1) -> 成功補回 156 筆！
[22:55:30]   [第3輪 27/33] [終極救回 OK] 00680L (元大美債20正2) -> 成功補回 219 筆！
[22:55:30]   [第3輪 28/33] [終極救回 OK] 00688L (國泰20年美債正2) -> 成功補回 128 筆！
[22:55:32]   [第3輪 29/33] [終極救回 OK] 00690 (兆豐藍籌30) -> 成功補回 147 筆！
[22:55:32]   [第3輪 30/33] [終極救回 OK] 00693U (期街口S&P黃豆) -> 成功補回 146 筆！
[22:55:34]   [第3輪 31/33] [終極救回 OK] 00711B (復華彭博新興債) -> 成功補回 12 筆！
[22:55:40]   [第3輪 32/33] [終極救回 OK] 00731 (復華富時高息低波) -> 成功補回 92 筆！
[22:55:40]   [第3輪 33/33] [終極救回 OK] 00713 (元大台灣高息低波) -> 成功補回 518 筆！
[22:55:40] [+] 第 3 輪補抓完成！成功救回 23/33 檔 (確認無成交: 0 檔 | 剩餘未成功: 10 檔)

[22:55:40] [!] 達到最大補抓輪數 (3 輪)，剩餘技術性失敗標的: 10 檔
[22:55:40] [TWSE 診斷] 技術性失敗主因 Top 5: menu_http_error=71, post_http_error=5, post_generic_error_page=3, content_http_error=3, captcha_http_error=1
[2026-09-16 22:55:40] [✓] TWSE 上市採集完成：共分配 50 檔 | 有效成交產出: 40 檔 | 無成交/略過: 0 檔 | 失敗: 10 檔
[2026-09-16 22:55:40] [*] TWSE 技術性失敗診斷 Top 5: menu_http_error=71, post_http_error=5, content_http_error=3, post_generic_error_page=3, captcha_http_error=1
[2026-09-16 22:55:40] >>> [數據整合] 彙整分點資料中...
[2026-09-16 22:55:40] [+] 總標的數: 40 檔
[2026-09-16 22:55:40] [+] 總資料筆數: 9,844 列
[2026-09-16 22:55:40] [✓] Parquet 檔案已儲存: D:\MyProject\stock_data_downloader\output\api_absr1_2026-09-16_2026-09-16_twse_shard_1.parquet (0.47 MB, ZSTD 高度壓縮)
==================================================
[2026-09-16 22:55:40] [OK] 本節點爬蟲任務執行完畢！
[2026-09-16 22:55:40] [*] 啟動時間: 2026-09-16 22:51:12
[2026-09-16 22:55:40] [+] 全市場掃描: 100% 完成 (共 50 檔 | 有效成交產出: 40 檔 | 無成交/略過: 0 檔)
[2026-09-16 22:55:40] [*] 雲端分片模式 (Shard 2/2)：分片已生成，推播通知將於後續聚合步驟統一發送。
[2026-09-16 22:55:40] [!] 嚴格品質檢查：本分片共有 10 檔採集失敗，判定本分片失敗！
[2026-09-16 22:55:40]     - 0055 (元大MSCI金融): menu_http_error
[2026-09-16 22:55:40]     - 006207 (復華滬深): menu_http_error
[2026-09-16 22:55:40]     - 00634R (富邦上証反1): menu_http_error
[2026-09-16 22:55:40]     - 00636 (國泰中國A50): menu_http_error
[2026-09-16 22:55:40]     - 00639 (富邦深100): post_generic_error_page
[2026-09-16 22:55:40]     - 00641R (富邦日本反1): post_http_error
[2026-09-16 22:55:40]     - 00643 (群益深証中小): menu_http_error
[2026-09-16 22:55:40]     - 00645 (富邦日本): post_generic_error_page
[2026-09-16 22:55:40]     - 00647L (元大S&P500正2): menu_http_error
[2026-09-16 22:55:40]     - 00650L (復華香港正2): menu_http_error
[*] [日誌系統] 執行日誌檔案已建立: D:\MyProject\stock_data_downloader\logs\crawler_twse_shard_1.log
[✓] 【開盤日確認】2026-09-16 為台股正常營業日，爬蟲正常啟動！
==================================================
[2026-09-16 22:56:15] [*] 全市場台股分點買賣日報表統一調度控制器 (Coordinator) 啟動
[2026-09-16 22:56:15] [*] 啟動時間: 2026-09-16 22:56:15
[2026-09-16 22:56:15] [*] 執行交易日期: 2026-09-16
[2026-09-16 22:56:15] [*] 目標市場範疇 (Market): TWSE (產檔規格: api_absr1_2026-09-16_2026-09-16_twse.parquet)
[2026-09-16 22:56:15] [*] 雲端分片模式: 節點 2 / 2 (Shard ID: 1)
[2026-09-16 22:56:15] [*] 併發配置: TWSE 上市 2 Workers (純HTTP高速) | TPEX 上櫃 1 Workers (CDP瀏覽器穩健)
[2026-09-16 22:56:15] [*] 上市最大補抓輪數: 7 輪
[2026-09-16 22:56:15] [*] TWSE 嚴格偵測: ON (最少樣本數: 30)
[2026-09-16 22:56:15] [*] 成果輸出路徑: D:\MyProject\stock_data_downloader\output
==================================================
[2026-09-16 22:56:15] >>> [階段 1/2] 啟動 TWSE 上市股票分點抓取 (2 Workers, 最多 6 輪安全補抓)...
[2026-09-16 22:56:16] [*] 取得上市標的清單: 50 檔 (分片 2/2)
==================================================
[*] TWSE 上市券商買賣日報表爬蟲 (7 輪終極自適應安全防護版)
[*] 目標交易日期: 2026-09-16
[*] 待抓取標的數: 50 檔
[*] 並行執行緒數: 2 Workers (第 1 輪)
[*] 最大補抓輪數: 7 輪 (含第 7 輪深度收斂跑到完機制)
==================================================
[*] 成功載入專用 TWSE CNN 驗證碼模型 (辨識率 98%+)
WARNING:tensorflow:TensorFlow GPU support is not available on native Windows for TensorFlow >= 2.11. Even if CUDA/cuDNN are installed, GPU will not be used. Please use WSL2 or the TensorFlow-DirectML plugin.
[22:56:55] [第1輪 進度 15/50 (30.0%)] 成功: 2 檔 | 無交易/待補: 13 檔 | 累積: 23 筆 | 速度: 0.4 檔/s | 剩餘約: 1.5 分鐘
[22:57:19] [第1輪 進度 30/50 (60.0%)] 成功: 10 檔 | 無交易/待補: 20 檔 | 累積: 1,475 筆 | 速度: 0.5 檔/s | 剩餘約: 0.7 分鐘
[22:57:59] [第1輪 進度 45/50 (90.0%)] 成功: 14 檔 | 無交易/待補: 31 檔 | 累積: 2,340 筆 | 速度: 0.4 檔/s | 剩餘約: 0.2 分鐘
[22:58:10] [第1輪 進度 50/50 (100.0%)] 成功: 14 檔 | 無交易/待補: 36 檔 | 累積: 2,340 筆 | 速度: 0.4 檔/s | 剩餘約: 0.0 分鐘

--------------------------------------------------
[22:58:10] [*] 啟動第 2/7 輪精準安全補抓佇列 (待補抓: 36 檔)
[22:58:10] [*] 安全防護策略: 1-Workers 安全並行模式, 請求間隔 2.0s, 單檔 4 次重試
[22:58:10] [*] 偵測到站方壓力型失敗佔比 97.2%，自動降速補抓 (menu_http_error=27, post_generic_error_page=8, captcha_rejected=1)
--------------------------------------------------
[22:58:17]   [第2輪 1/36] [待下輪補抓] 00403A (主動統一升級50)
[22:58:22]   [第2輪 2/36] [待下輪補抓] 00405A (主動富邦台灣龍耀)
[22:58:27]   [第2輪 3/36] [待下輪補抓] 00401A (主動摩根台灣鑫收)
[22:58:32]   [第2輪 4/36] [待下輪補抓] 00407A (主動凱基台灣)
[22:58:35]   [第2輪 5/36] [OK] 00409A  -> 成功補回 647 筆！
[22:58:38]   [第2輪 6/36] [OK] 0050 (元大台灣50) -> 成功補回 799 筆！
[22:58:41]   [第2輪 7/36] [OK] 0052 (富邦科技) -> 成功補回 737 筆！
[22:58:43]   [第2輪 8/36] [OK] 0055 (元大MSCI金融) -> 成功補回 454 筆！
[22:58:46]   [第2輪 9/36] [OK] 0057 (富邦摩台) -> 成功補回 299 筆！
[22:58:49]   [第2輪 10/36] [OK] 006205 (富邦上証) -> 成功補回 44 筆！
[22:58:53]   [第2輪 11/36] [待下輪補抓] 006203 (元大MSCI台灣)
[22:58:56]   [第2輪 12/36] [OK] 00634R (富邦上証反1) -> 成功補回 15 筆！
[22:58:59]   [第2輪 13/36] [OK] 00632R (元大台灣50反1) -> 成功補回 710 筆！
[22:59:02]   [第2輪 14/36] [OK] 00636 (國泰中國A50) -> 成功補回 80 筆！
[22:59:05]   [第2輪 15/36] [OK] 00643 (群益深証中小) -> 成功補回 33 筆！
[22:59:08]   [第2輪 16/36] [OK] 00645 (富邦日本) -> 成功補回 59 筆！
[22:59:10]   [第2輪 17/36] [OK] 00656R (國泰中國A50反1) -> 成功補回 8 筆！
[22:59:13]   [第2輪 18/36] [OK] 00654R (富邦印度反1) -> 成功補回 10 筆！
[22:59:16]   [第2輪 19/36] [OK] 00657K (國泰日經225+U) -> 成功補回 2 筆！
[22:59:18]   [第2輪 20/36] [OK] 00661 (元大日經225) -> 成功補回 68 筆！
[22:59:23]   [第2輪 21/36] [待下輪補抓] 00668 (國泰美國道瓊)
[22:59:26]   [第2輪 22/36] [OK] 00669R (國泰美國道瓊反1) -> 成功補回 38 筆！
[22:59:31]   [第2輪 23/36] [待下輪補抓] 00676R (富邦臺灣加權反1)
[22:59:36]   [第2輪 24/36] [OK] 00680L (元大美債20正2) -> 成功補回 219 筆！
[22:59:41]   [第2輪 25/36] [待下輪補抓] 00688L (國泰20年美債正2)
[22:59:45]   [第2輪 26/36] [待下輪補抓] 00690 (兆豐藍籌30)
[22:59:50]   [第2輪 27/36] [待下輪補抓] 00693U (期街口S&P黃豆)
[22:59:56]   [第2輪 28/36] [待下輪補抓] 00701 (國泰股利精選30)
[23:00:01]   [第2輪 29/36] [待下輪補抓] 00703 (台新MSCI中國)
[23:00:07]   [第2輪 30/36] [待下輪補抓] 00707R (期元大S&P日圓反1)
[23:00:12]   [第2輪 31/36] [待下輪補抓] 00709 (富邦歐洲)
[23:00:19]   [第2輪 32/36] [OK] 00711B (復華彭博新興債) -> 成功補回 12 筆！
[23:00:23]   [第2輪 33/36] [待下輪補抓] 00713 (元大台灣高息低波)
[23:00:29]   [第2輪 34/36] [OK] 00715L (期街口布蘭特正2) -> 成功補回 384 筆！
[23:00:35]   [第2輪 35/36] [待下輪補抓] 00731 (復華富時高息低波)
[23:00:40]   [第2輪 36/36] [待下輪補抓] 00728 (第一金工業30)
[23:00:40] [+] 第 2 輪補抓完成！成功救回 19/36 檔 (確認無成交: 0 檔 | 剩餘未成功: 17 檔)

--------------------------------------------------
[23:00:40] [*] 啟動第 3/7 輪精準安全補抓佇列 (待補抓: 17 檔)
[23:00:40] [*] 安全防護策略: 1-Workers 安全並行模式, 請求間隔 2.6s, 單檔 4 次重試
[23:00:40] [*] 偵測到站方壓力型失敗佔比 100.0%，自動降速補抓 (menu_http_error=15, post_generic_error_page=2)
--------------------------------------------------
[23:00:48]   [第3輪 1/17] [待下輪補抓] 00403A (主動統一升級50)
[23:00:55]   [第3輪 2/17] [待下輪補抓] 00405A (主動富邦台灣龍耀)
[23:01:01]   [第3輪 3/17] [待下輪補抓] 00401A (主動摩根台灣鑫收)
[23:01:07]   [第3輪 4/17] [待下輪補抓] 00407A (主動凱基台灣)
[23:01:12]   [第3輪 5/17] [待下輪補抓] 006203 (元大MSCI台灣)
[23:01:19]   [第3輪 6/17] [待下輪補抓] 00668 (國泰美國道瓊)
[23:01:26]   [第3輪 7/17] [待下輪補抓] 00676R (富邦臺灣加權反1)
[23:01:31]   [第3輪 8/17] [待下輪補抓] 00688L (國泰20年美債正2)
[23:01:35]   [第3輪 9/17] [OK] 00690 (兆豐藍籌30) -> 成功補回 147 筆！
[23:01:40]   [第3輪 10/17] [待下輪補抓] 00693U (期街口S&P黃豆)
[23:01:46]   [第3輪 11/17] [OK] 00701 (國泰股利精選30) -> 成功補回 144 筆！
[23:01:51]   [第3輪 12/17] [待下輪補抓] 00703 (台新MSCI中國)
[23:01:56]   [第3輪 13/17] [OK] 00707R (期元大S&P日圓反1) -> 成功補回 2 筆！
[23:02:01]   [第3輪 14/17] [待下輪補抓] 00709 (富邦歐洲)
[23:02:07]   [第3輪 15/17] [待下輪補抓] 00713 (元大台灣高息低波)
[23:02:12]   [第3輪 16/17] [待下輪補抓] 00731 (復華富時高息低波)
[23:02:18]   [第3輪 17/17] [待下輪補抓] 00728 (第一金工業30)
[23:02:18] [+] 第 3 輪補抓完成！成功救回 3/17 檔 (確認無成交: 0 檔 | 剩餘未成功: 14 檔)

--------------------------------------------------
[23:02:18] [*] 啟動第 4/7 輪精準安全補抓佇列 (待補抓: 14 檔)
[23:02:18] [*] 安全防護策略: 1-Workers 安全並行模式, 請求間隔 3.3s, 單檔 4 次重試
[23:02:18] [*] 偵測到站方壓力型失敗佔比 100.0%，自動降速補抓 (menu_http_error=13, post_generic_error_page=1)
--------------------------------------------------
[23:02:27]   [第4輪 1/14] [待下輪補抓] 00403A (主動統一升級50)
[23:02:33]   [第4輪 2/14] [待下輪補抓] 00405A (主動富邦台灣龍耀)
[23:02:40]   [第4輪 3/14] [待下輪補抓] 00401A (主動摩根台灣鑫收)
[23:02:46]   [第4輪 4/14] [待下輪補抓] 00407A (主動凱基台灣)
[23:02:53]   [第4輪 5/14] [待下輪補抓] 006203 (元大MSCI台灣)
[23:02:59]   [第4輪 6/14] [待下輪補抓] 00668 (國泰美國道瓊)
[23:03:06]   [第4輪 7/14] [待下輪補抓] 00676R (富邦臺灣加權反1)
[23:03:12]   [第4輪 8/14] [待下輪補抓] 00688L (國泰20年美債正2)
[23:03:16]   [第4輪 9/14] [OK] 00693U (期街口S&P黃豆) -> 成功補回 146 筆！
[23:03:22]   [第4輪 10/14] [待下輪補抓] 00703 (台新MSCI中國)
[23:03:26]   [第4輪 11/14] [OK] 00709 (富邦歐洲) -> 成功補回 44 筆！
[23:03:32]   [第4輪 12/14] [待下輪補抓] 00713 (元大台灣高息低波)
[23:03:36]   [第4輪 13/14] [OK] 00731 (復華富時高息低波) -> 成功補回 92 筆！
[23:03:42]   [第4輪 14/14] [待下輪補抓] 00728 (第一金工業30)
[23:03:42] [+] 第 4 輪補抓完成！成功救回 3/14 檔 (確認無成交: 0 檔 | 剩餘未成功: 11 檔)

--------------------------------------------------
[23:03:42] [*] 啟動第 5/7 輪精準安全補抓佇列 (待補抓: 11 檔)
[23:03:42] [*] 安全防護策略: 1-Workers 安全並行模式, 請求間隔 4.0s, 單檔 6 次重試
[23:03:42] [*] 偵測到站方壓力型失敗佔比 100.0%，自動降速補抓 (menu_http_error=9, post_http_error=1, post_generic_error_page=1)
--------------------------------------------------
[23:03:51]   [第5輪 1/11] [OK] 00403A (主動統一升級50) -> 成功補回 782 筆！
[23:03:59]   [第5輪 2/11] [待下輪補抓] 00405A (主動富邦台灣龍耀)
[23:04:08]   [第5輪 3/11] [待下輪補抓] 00401A (主動摩根台灣鑫收)
[23:04:17]   [第5輪 4/11] [待下輪補抓] 00407A (主動凱基台灣)
[23:04:22]   [第5輪 5/11] [OK] 006203 (元大MSCI台灣) -> 成功補回 65 筆！
[23:04:30]   [第5輪 6/11] [待下輪補抓] 00668 (國泰美國道瓊)
[23:04:39]   [第5輪 7/11] [待下輪補抓] 00676R (富邦臺灣加權反1)
[23:04:50]   [第5輪 8/11] [待下輪補抓] 00688L (國泰20年美債正2)
[23:04:59]   [第5輪 9/11] [待下輪補抓] 00703 (台新MSCI中國)
[23:05:07]   [第5輪 10/11] [待下輪補抓] 00713 (元大台灣高息低波)
[23:05:16]   [第5輪 11/11] [待下輪補抓] 00728 (第一金工業30)
[23:05:16] [+] 第 5 輪補抓完成！成功救回 2/11 檔 (確認無成交: 0 檔 | 剩餘未成功: 9 檔)

--------------------------------------------------
[23:05:16] [*] 啟動第 6/7 輪精準安全補抓佇列 (待補抓: 9 檔)
[23:05:16] [*] 安全防護策略: 1-Workers 安全並行模式, 請求間隔 4.8s, 單檔 6 次重試
[23:05:16] [*] 偵測到站方壓力型失敗佔比 100.0%，自動降速補抓 (menu_http_error=7, post_generic_error_page=2)
--------------------------------------------------
[23:05:27]   [第6輪 1/9] [OK] 00405A (主動富邦台灣龍耀) -> 成功補回 629 筆！
[23:05:36]   [第6輪 2/9] [OK] 00401A (主動摩根台灣鑫收) -> 成功補回 255 筆！
[23:05:45]   [第6輪 3/9] [待下輪補抓] 00407A (主動凱基台灣)
[23:05:54]   [第6輪 4/9] [待下輪補抓] 00668 (國泰美國道瓊)
[23:06:04]   [第6輪 5/9] [待下輪補抓] 00676R (富邦臺灣加權反1)
[23:06:15]   [第6輪 6/9] [待下輪補抓] 00688L (國泰20年美債正2)
[23:06:26]   [第6輪 7/9] [待下輪補抓] 00703 (台新MSCI中國)
[23:06:36]   [第6輪 8/9] [待下輪補抓] 00713 (元大台灣高息低波)
[23:06:45]   [第6輪 9/9] [OK] 00728 (第一金工業30) -> 成功補回 72 筆！
[23:06:45] [+] 第 6 輪補抓完成！成功救回 3/9 檔 (確認無成交: 0 檔 | 剩餘未成功: 6 檔)

--------------------------------------------------
[23:06:45] [FINAL] 【啟動第 7/7 輪終極收斂跑到底機制】(待補抓: 6 檔)
[23:06:45] [*] 終極防護策略: 1-Workers 溫和無干擾模式, 請求間隔 5.6s, 單檔最高 8 次深度辨識重試！
[23:06:45] [*] 偵測到站方壓力型失敗佔比 100.0%，自動降速補抓 (menu_http_error=6)
--------------------------------------------------
[23:06:56]   [第7輪 1/6] [終極救回 OK] 00407A (主動凱基台灣) -> 成功補回 567 筆！
[23:07:05]   [第7輪 2/6] [終極救回 OK] 00668 (國泰美國道瓊) -> 成功補回 32 筆！
[23:07:18]   [第7輪 3/6] [最終失敗:menu_http_error] 00676R (富邦臺灣加權反1)
[23:07:28]   [第7輪 4/6] [終極救回 OK] 00688L (國泰20年美債正2) -> 成功補回 128 筆！
[23:07:39]   [第7輪 5/6] [終極救回 OK] 00703 (台新MSCI中國) -> 成功補回 12 筆！
[23:07:49]   [第7輪 6/6] [終極救回 OK] 00713 (元大台灣高息低波) -> 成功補回 518 筆！
[23:07:49] [+] 第 7 輪補抓完成！成功救回 5/6 檔 (確認無成交: 0 檔 | 剩餘未成功: 1 檔)

[23:07:49] [!] 達到最大補抓輪數 (7 輪)，剩餘技術性失敗標的: 1 檔
[23:07:49] [TWSE 診斷] 技術性失敗主因 Top 4: menu_http_error=78, post_generic_error_page=14, captcha_rejected=1, post_http_error=1
[2026-09-16 23:07:49] [✓] TWSE 上市採集完成：共分配 50 檔 | 有效成交產出: 49 檔 | 無成交/略過: 0 檔 | 失敗: 1 檔
[2026-09-16 23:07:49] [*] TWSE 技術性失敗診斷 Top 4: menu_http_error=78, post_generic_error_page=14, captcha_rejected=1, post_http_error=1
[2026-09-16 23:07:49] >>> [數據整合] 彙整分點資料中...
[2026-09-16 23:07:49] [+] 總標的數: 49 檔
[2026-09-16 23:07:49] [+] 總資料筆數: 10,593 列
[2026-09-16 23:07:49] [✓] Parquet 檔案已儲存: D:\MyProject\stock_data_downloader\output\api_absr1_2026-09-16_2026-09-16_twse_shard_1.parquet (0.51 MB, ZSTD 高度壓縮)
==================================================
[2026-09-16 23:07:49] [OK] 本節點爬蟲任務執行完畢！
[2026-09-16 23:07:49] [*] 啟動時間: 2026-09-16 22:56:15
[2026-09-16 23:07:49] [+] 全市場掃描: 100% 完成 (共 50 檔 | 有效成交產出: 49 檔 | 無成交/略過: 0 檔)
[2026-09-16 23:07:49] [*] 雲端分片模式 (Shard 2/2)：分片已生成，推播通知將於後續聚合步驟統一發送。
[2026-09-16 23:07:49] [!] 嚴格品質檢查：本分片共有 1 檔採集失敗，判定本分片失敗！
[2026-09-16 23:07:49]     - 00676R (富邦臺灣加權反1): menu_http_error
