[*] [日誌系統] 執行日誌檔案已建立: D:\MyProject\stock_data_downloader\logs\crawler_twse_20260917_194728.log
[✓] 【開盤日確認】2026-09-17 為台股正常營業日，爬蟲正常啟動！
==================================================
[2026-09-17 19:47:28] [*] 全市場台股分點買賣日報表統一調度控制器 (Coordinator) 啟動
[2026-09-17 19:47:28] [*] 啟動時間: 2026-09-17 19:47:28
[2026-09-17 19:47:28] [*] 執行交易日期: 2026-09-17
[2026-09-17 19:47:28] [*] 目標市場範疇 (Market): TWSE (產檔規格: api_absr1_2026-09-17_2026-09-17_twse.parquet)
[2026-09-17 19:47:28] [*] 併發配置: TWSE 上市 2 Workers (純HTTP高速) | TPEX 上櫃 2 Workers (CDP瀏覽器穩健)
[2026-09-17 19:47:28] [*] 上市最大補抓輪數: 10 輪
[2026-09-17 19:47:28] [*] 成果輸出路徑: D:\MyProject\stock_data_downloader\output
==================================================
[2026-09-17 19:47:28] >>> [階段 1/2] 啟動 TWSE 上市股票分點抓取 (2 Workers, 最多 10 輪安全補抓)...
[2026-09-17 19:47:29] [*] 取得上市標的清單: 1368 檔 (分片 1/1)
==================================================
[*] TWSE 上市券商買賣日報表爬蟲 (10 輪終極自適應安全防護版)
[*] 目標交易日期: 2026-09-17
[*] 待抓取標的數: 1368 檔
[*] 並行執行緒數: 2 Workers (第 1 輪)
[*] 最大補抓輪數: 10 輪 (含第 10 輪深度收斂跑到完機制)
==================================================
[*] 成功載入專用 TWSE CNN 驗證碼模型 (辨識率 98%+)
WARNING:tensorflow:TensorFlow GPU support is not available on native Windows for TensorFlow >= 2.11. Even if CUDA/cuDNN are installed, GPU will not be used. Please use WSL2 or the TensorFlow-DirectML plugin.
[19:47:55] [第1輪 進度 15/1368 (1.1%)] 成功: 11 檔 | 明確無資料: 0 檔 | 技術待補: 4 檔 | 累積: 5,770 筆 | 速度: 0.6 檔/s | 剩餘約: 39.2 分鐘
[19:48:20] [第1輪 進度 30/1368 (2.2%)] 成功: 21 檔 | 明確無資料: 0 檔 | 技術待補: 9 檔 | 累積: 9,507 筆 | 速度: 0.6 檔/s | 剩餘約: 38.5 分鐘
[19:48:41] [第1輪 進度 45/1368 (3.3%)] 成功: 32 檔 | 明確無資料: 0 檔 | 技術待補: 13 檔 | 累積: 10,696 筆 | 速度: 0.6 檔/s | 剩餘約: 35.5 分鐘
[19:49:13] [第1輪 進度 60/1368 (4.4%)] 成功: 36 檔 | 明確無資料: 0 檔 | 技術待補: 24 檔 | 累積: 11,417 筆 | 速度: 0.6 檔/s | 剩餘約: 37.8 分鐘
[19:49:33] [第1輪 進度 75/1368 (5.5%)] 成功: 47 檔 | 明確無資料: 0 檔 | 技術待補: 28 檔 | 累積: 13,745 筆 | 速度: 0.6 檔/s | 剩餘約: 35.6 分鐘
[19:50:14] [第1輪 進度 90/1368 (6.6%)] 成功: 48 檔 | 明確無資料: 0 檔 | 技術待補: 42 檔 | 累積: 13,827 筆 | 速度: 0.5 檔/s | 剩餘約: 39.1 分鐘
[19:50:44] [第1輪 進度 105/1368 (7.7%)] 成功: 55 檔 | 明確無資料: 0 檔 | 技術待補: 50 檔 | 累積: 15,207 筆 | 速度: 0.5 檔/s | 剩餘約: 39.2 分鐘
[19:51:10] [第1輪 進度 120/1368 (8.8%)] 成功: 63 檔 | 明確無資料: 0 檔 | 技術待補: 57 檔 | 累積: 17,014 筆 | 速度: 0.5 檔/s | 剩餘約: 38.4 分鐘
[19:51:47] [第1輪 進度 135/1368 (9.9%)] 成功: 64 檔 | 明確無資料: 0 檔 | 技術待補: 71 檔 | 累積: 17,061 筆 | 速度: 0.5 檔/s | 剩餘約: 39.4 分鐘
[19:52:11] [第1輪 進度 150/1368 (11.0%)] 成功: 75 檔 | 明確無資料: 0 檔 | 技術待補: 75 檔 | 累積: 19,739 筆 | 速度: 0.5 檔/s | 剩餘約: 38.3 分鐘
[19:52:41] [第1輪 進度 165/1368 (12.1%)] 成功: 83 檔 | 明確無資料: 0 檔 | 技術待補: 82 檔 | 累積: 22,910 筆 | 速度: 0.5 檔/s | 剩餘約: 37.9 分鐘
