[*] [日誌系統] 執行日誌檔案已建立: D:\MyProject\stock_data_downloader\logs\crawler_all_20260917_165715.log
[✓] 【開盤日確認】2026-09-17 為台股正常營業日，爬蟲正常啟動！
==================================================
[2026-09-17 16:57:15] [*] 全市場台股分點買賣日報表統一調度控制器 (Coordinator) 啟動
[2026-09-17 16:57:15] [*] 啟動時間: 2026-09-17 16:57:15
[2026-09-17 16:57:15] [*] 執行交易日期: 2026-09-17
[2026-09-17 16:57:15] [*] 目標市場範疇 (Market): ALL (產檔規格: api_absr1_2026-09-17_2026-09-17.parquet)
[2026-09-17 16:57:15] [*] 併發配置: TWSE 上市 1 Workers (純HTTP高速) | TPEX 上櫃 1 Workers (CDP瀏覽器穩健)
[2026-09-17 16:57:15] [*] 上市最大補抓輪數: 10 輪
[2026-09-17 16:57:15] [*] 成果輸出路徑: D:\MyProject\stock_data_downloader\output
==================================================
[2026-09-17 16:57:15] >>> [階段 1/2] 啟動 TWSE 上市股票分點抓取 (1 Workers, 最多 10 輪安全補抓)...
[2026-09-17 16:57:26] [*] 取得上市標的清單: 10 檔 (分片 1/1)
==================================================
[*] TWSE 上市券商買賣日報表爬蟲 (10 輪終極自適應安全防護版)
[*] 目標交易日期: 2026-09-17
[*] 待抓取標的數: 10 檔
[*] 並行執行緒數: 1 Workers (第 1 輪)
[*] 最大補抓輪數: 10 輪 (含第 10 輪深度收斂跑到完機制)
==================================================
[*] 成功載入專用 TWSE CNN 驗證碼模型 (辨識率 98%+)
WARNING:tensorflow:TensorFlow GPU support is not available on native Windows for TensorFlow >= 2.11. Even if CUDA/cuDNN are installed, GPU will not be used. Please use WSL2 or the TensorFlow-DirectML plugin.
[16:58:34] [第1輪 進度 10/10 (100.0%)] 成功: 0 檔 | 明確無資料: 0 檔 | 技術待補: 10 檔 | 累積: 0 筆 | 速度: 0.1 檔/s | 剩餘約: 0.0 分鐘

--------------------------------------------------
[16:58:34] [*] 啟動第 2/10 輪精準安全補抓佇列 (待補抓: 10 檔)
[16:58:34] [*] 安全防護策略: 1-Workers 安全並行模式, 請求間隔 1.2s, 單檔 4 次重試
--------------------------------------------------
[16:58:40]   [第2輪 1/10] [待下輪補抓] 2330 (台積電) (原因: post_missing_download_link)
[16:58:44]   [第2輪 2/10] [待下輪補抓] 2317 (鴻海) (原因: post_http_error:403)
[16:58:48]   [第2輪 3/10] [待下輪補抓] 2454 (聯發科) (原因: menu_http_error:403)
[16:58:52]   [第2輪 4/10] [待下輪補抓] 2382 (廣達) (原因: post_missing_download_link)
[16:58:57]   [第2輪 5/10] [待下輪補抓] 2308 (台達電) (原因: post_http_error:403)
[16:59:01]   [第2輪 6/10] [待下輪補抓] 2881 (富邦金) (原因: post_missing_download_link)
[16:59:05]   [第2輪 7/10] [待下輪補抓] 2412 (中華電) (原因: post_missing_download_link)
[16:59:09]   [第2輪 8/10] [待下輪補抓] 2882 (國泰金) (原因: post_missing_download_link)
[16:59:13]   [第2輪 9/10] [待下輪補抓] 2303 (聯電) (原因: post_http_error:403)
[16:59:17]   [第2輪 10/10] [待下輪補抓] 2891 (中信金) (原因: post_missing_download_link)
[16:59:17] [+] 第 2 輪補抓完成！成功救回 0/10 檔 (累計明確無資料: 0 檔 | 剩餘技術失敗: 10 檔)

--------------------------------------------------
[16:59:17] [*] 啟動第 3/10 輪精準安全補抓佇列 (待補抓: 10 檔)
[16:59:17] [*] 安全防護策略: 1-Workers 安全並行模式, 請求間隔 1.8s, 單檔 4 次重試
--------------------------------------------------
[16:59:24]   [第3輪 1/10] [待下輪補抓] 2330 (台積電) (原因: post_missing_download_link)
[16:59:28]   [第3輪 2/10] [待下輪補抓] 2317 (鴻海) (原因: post_missing_download_link)
[16:59:33]   [第3輪 3/10] [待下輪補抓] 2454 (聯發科) (原因: post_missing_download_link)
[16:59:37]   [第3輪 4/10] [待下輪補抓] 2382 (廣達) (原因: menu_http_error:403)
[16:59:42]   [第3輪 5/10] [待下輪補抓] 2308 (台達電) (原因: post_missing_download_link)
[16:59:46]   [第3輪 6/10] [待下輪補抓] 2881 (富邦金) (原因: post_http_error:403)
[16:59:56]   [第3輪 7/10] [待下輪補抓] 2412 (中華電) (原因: post_missing_download_link)
[17:00:01]   [第3輪 8/10] [待下輪補抓] 2882 (國泰金) (原因: post_missing_download_link)
[17:00:18]   [第3輪 9/10] [待下輪補抓] 2303 (聯電) (原因: post_missing_download_link)
[17:00:25]   [第3輪 10/10] [待下輪補抓] 2891 (中信金) (原因: post_missing_download_link)
[17:00:25] [+] 第 3 輪補抓完成！成功救回 0/10 檔 (累計明確無資料: 0 檔 | 剩餘技術失敗: 10 檔)

--------------------------------------------------
[17:00:25] [*] 啟動第 4/10 輪精準安全補抓佇列 (待補抓: 10 檔)
[17:00:25] [*] 安全防護策略: 1-Workers 安全並行模式, 請求間隔 2.5s, 單檔 4 次重試
--------------------------------------------------
[17:00:33]   [第4輪 1/10] [待下輪補抓] 2330 (台積電) (原因: post_missing_download_link)
[17:00:39]   [第4輪 2/10] [待下輪補抓] 2317 (鴻海) (原因: post_http_error:403)
[17:00:45]   [第4輪 3/10] [待下輪補抓] 2454 (聯發科) (原因: post_missing_download_link)
[17:00:50]   [第4輪 4/10] [待下輪補抓] 2382 (廣達) (原因: post_http_error:403)
[17:00:59]   [第4輪 5/10] [待下輪補抓] 2308 (台達電) (原因: post_missing_download_link)
[17:01:06]   [第4輪 6/10] [待下輪補抓] 2881 (富邦金) (原因: post_missing_download_link)
[17:01:12]   [第4輪 7/10] [待下輪補抓] 2412 (中華電) (原因: post_missing_download_link)
[17:01:19]   [第4輪 8/10] [待下輪補抓] 2882 (國泰金) (原因: post_missing_download_link)
[17:01:25]   [第4輪 9/10] [待下輪補抓] 2303 (聯電) (原因: post_http_error:403)
[17:01:31]   [第4輪 10/10] [待下輪補抓] 2891 (中信金) (原因: post_missing_download_link)
[17:01:31] [+] 第 4 輪補抓完成！成功救回 0/10 檔 (累計明確無資料: 0 檔 | 剩餘技術失敗: 10 檔)

--------------------------------------------------
[17:01:31] [*] 啟動第 5/10 輪精準安全補抓佇列 (待補抓: 10 檔)
[17:01:31] [*] 安全防護策略: 1-Workers 安全並行模式, 請求間隔 3.2s, 單檔 6 次重試
--------------------------------------------------
[17:01:41]   [第5輪 1/10] [待下輪補抓] 2330 (台積電) (原因: post_missing_download_link)
[17:01:48]   [第5輪 2/10] [待下輪補抓] 2317 (鴻海) (原因: menu_http_error:403)
[17:01:56]   [第5輪 3/10] [待下輪補抓] 2454 (聯發科) (原因: post_missing_download_link)
[17:02:03]   [第5輪 4/10] [待下輪補抓] 2382 (廣達) (原因: post_missing_download_link)
[17:02:12]   [第5輪 5/10] [待下輪補抓] 2308 (台達電) (原因: post_missing_download_link)
[17:02:21]   [第5輪 6/10] [待下輪補抓] 2881 (富邦金) (原因: post_missing_download_link)
[17:02:30]   [第5輪 7/10] [待下輪補抓] 2412 (中華電) (原因: post_missing_download_link)
[17:02:37]   [第5輪 8/10] [待下輪補抓] 2882 (國泰金) (原因: post_missing_download_link)
[17:02:46]   [第5輪 9/10] [待下輪補抓] 2303 (聯電) (原因: post_missing_download_link)
[17:02:55]   [第5輪 10/10] [待下輪補抓] 2891 (中信金) (原因: post_missing_download_link)
[17:02:55] [+] 第 5 輪補抓完成！成功救回 0/10 檔 (累計明確無資料: 0 檔 | 剩餘技術失敗: 10 檔)

--------------------------------------------------
[17:02:55] [*] 啟動第 6/10 輪精準安全補抓佇列 (待補抓: 10 檔)
[17:02:55] [*] 安全防護策略: 1-Workers 安全並行模式, 請求間隔 4.0s, 單檔 6 次重試
--------------------------------------------------
[17:03:06]   [第6輪 1/10] [待下輪補抓] 2330 (台積電) (原因: post_missing_download_link)
[17:03:14]   [第6輪 2/10] [待下輪補抓] 2317 (鴻海) (原因: post_missing_download_link)
[17:03:23]   [第6輪 3/10] [待下輪補抓] 2454 (聯發科) (原因: post_missing_download_link)
[17:03:32]   [第6輪 4/10] [待下輪補抓] 2382 (廣達) (原因: post_missing_download_link)
[17:03:41]   [第6輪 5/10] [待下輪補抓] 2308 (台達電) (原因: post_missing_download_link)
[17:03:50]   [第6輪 6/10] [待下輪補抓] 2881 (富邦金) (原因: post_missing_download_link)
[17:03:58]   [第6輪 7/10] [待下輪補抓] 2412 (中華電) (原因: post_missing_download_link)
[17:04:06]   [第6輪 8/10] [待下輪補抓] 2882 (國泰金) (原因: post_http_error:403)
[17:04:14]   [第6輪 9/10] [待下輪補抓] 2303 (聯電) (原因: post_missing_download_link)
[17:04:22]   [第6輪 10/10] [待下輪補抓] 2891 (中信金) (原因: post_missing_download_link)
[17:04:22] [+] 第 6 輪補抓完成！成功救回 0/10 檔 (累計明確無資料: 0 檔 | 剩餘技術失敗: 10 檔)

--------------------------------------------------
[17:04:22] [*] 啟動第 7/10 輪精準安全補抓佇列 (待補抓: 10 檔)
[17:04:22] [*] 安全防護策略: 1-Workers 安全並行模式, 請求間隔 4.8s, 單檔 6 次重試
--------------------------------------------------
[17:04:35]   [第7輪 1/10] [待下輪補抓] 2330 (台積電) (原因: post_missing_download_link)
[17:04:46]   [第7輪 2/10] [待下輪補抓] 2317 (鴻海) (原因: post_missing_download_link)
[17:04:56]   [第7輪 3/10] [待下輪補抓] 2454 (聯發科) (原因: post_missing_download_link)
[17:05:05]   [第7輪 4/10] [待下輪補抓] 2382 (廣達) (原因: post_missing_download_link)
[17:05:15]   [第7輪 5/10] [待下輪補抓] 2308 (台達電) (原因: post_missing_download_link)
[17:05:24]   [第7輪 6/10] [待下輪補抓] 2881 (富邦金) (原因: post_missing_download_link)
[17:05:34]   [第7輪 7/10] [待下輪補抓] 2412 (中華電) (原因: post_missing_download_link)
[17:05:44]   [第7輪 8/10] [待下輪補抓] 2882 (國泰金) (原因: post_missing_download_link)
[17:05:56]   [第7輪 9/10] [待下輪補抓] 2303 (聯電) (原因: post_missing_download_link)
[17:06:11]   [第7輪 10/10] [待下輪補抓] 2891 (中信金) (原因: post_missing_download_link)
[17:06:11] [+] 第 7 輪補抓完成！成功救回 0/10 檔 (累計明確無資料: 0 檔 | 剩餘技術失敗: 10 檔)

--------------------------------------------------
[17:06:11] [*] 啟動第 8/10 輪精準安全補抓佇列 (待補抓: 10 檔)
[17:06:11] [*] 安全防護策略: 1-Workers 安全並行模式, 請求間隔 4.8s, 單檔 6 次重試
--------------------------------------------------
[17:06:24]   [第8輪 1/10] [待下輪補抓] 2330 (台積電) (原因: post_missing_download_link)
[17:06:34]   [第8輪 2/10] [待下輪補抓] 2317 (鴻海) (原因: post_missing_download_link)
[17:06:45]   [第8輪 3/10] [待下輪補抓] 2454 (聯發科) (原因: post_missing_download_link)
[17:06:54]   [第8輪 4/10] [待下輪補抓] 2382 (廣達) (原因: post_missing_download_link)
[17:07:07]   [第8輪 5/10] [待下輪補抓] 2308 (台達電) (原因: post_missing_download_link)
[17:07:18]   [第8輪 6/10] [待下輪補抓] 2881 (富邦金) (原因: post_missing_download_link)
[17:07:29]   [第8輪 7/10] [待下輪補抓] 2412 (中華電) (原因: post_missing_download_link)
[17:07:40]   [第8輪 8/10] [待下輪補抓] 2882 (國泰金) (原因: post_missing_download_link)
[17:07:49]   [第8輪 9/10] [待下輪補抓] 2303 (聯電) (原因: post_missing_download_link)
[17:07:58]   [第8輪 10/10] [待下輪補抓] 2891 (中信金) (原因: post_missing_download_link)
[17:07:58] [+] 第 8 輪補抓完成！成功救回 0/10 檔 (累計明確無資料: 0 檔 | 剩餘技術失敗: 10 檔)

--------------------------------------------------
[17:07:58] [*] 啟動第 9/10 輪精準安全補抓佇列 (待補抓: 10 檔)
[17:07:58] [*] 安全防護策略: 1-Workers 安全並行模式, 請求間隔 4.8s, 單檔 6 次重試
--------------------------------------------------
[17:08:10]   [第9輪 1/10] [待下輪補抓] 2330 (台積電) (原因: post_missing_download_link)
[17:08:19]   [第9輪 2/10] [待下輪補抓] 2317 (鴻海) (原因: post_missing_download_link)
[17:08:29]   [第9輪 3/10] [待下輪補抓] 2454 (聯發科) (原因: post_missing_download_link)
[17:08:39]   [第9輪 4/10] [待下輪補抓] 2382 (廣達) (原因: post_missing_download_link)
[17:08:49]   [第9輪 5/10] [待下輪補抓] 2308 (台達電) (原因: post_missing_download_link)
[17:08:58]   [第9輪 6/10] [待下輪補抓] 2881 (富邦金) (原因: post_missing_download_link)
[17:09:08]   [第9輪 7/10] [待下輪補抓] 2412 (中華電) (原因: post_missing_download_link)
[17:09:17]   [第9輪 8/10] [待下輪補抓] 2882 (國泰金) (原因: post_missing_download_link)
[17:09:26]   [第9輪 9/10] [待下輪補抓] 2303 (聯電) (原因: post_missing_download_link)
[17:09:36]   [第9輪 10/10] [待下輪補抓] 2891 (中信金) (原因: post_missing_download_link)
[17:09:36] [+] 第 9 輪補抓完成！成功救回 0/10 檔 (累計明確無資料: 0 檔 | 剩餘技術失敗: 10 檔)

--------------------------------------------------
[17:09:36] [FINAL] 【啟動第 10/10 輪終極收斂跑到底機制】(待補抓: 10 檔)
[17:09:36] [*] 終極防護策略: 1-Workers 溫和無干擾模式, 請求間隔 4.8s, 單檔最高 8 次深度辨識重試！
--------------------------------------------------
[17:09:49]   [第10輪 1/10] [技術失敗] 2330 (台積電) (原因: post_missing_download_link)
[17:09:59]   [第10輪 2/10] [技術失敗] 2317 (鴻海) (原因: post_missing_download_link)
[17:10:09]   [第10輪 3/10] [技術失敗] 2454 (聯發科) (原因: post_missing_download_link)
[17:10:20]   [第10輪 4/10] [技術失敗] 2382 (廣達) (原因: post_http_error:403)
[17:10:38]   [第10輪 5/10] [技術失敗] 2308 (台達電) (原因: post_missing_download_link)
[17:10:52]   [第10輪 6/10] [技術失敗] 2881 (富邦金) (原因: post_missing_download_link)
[17:11:03]   [第10輪 7/10] [技術失敗] 2412 (中華電) (原因: post_http_error:403)
[17:11:14]   [第10輪 8/10] [技術失敗] 2882 (國泰金) (原因: post_http_error:403)
[17:11:25]   [第10輪 9/10] [技術失敗] 2303 (聯電) (原因: post_missing_download_link)
[17:11:35]   [第10輪 10/10] [技術失敗] 2891 (中信金) (原因: post_missing_download_link)
[17:11:35] [+] 第 10 輪補抓完成！成功救回 0/10 檔 (累計明確無資料: 0 檔 | 剩餘技術失敗: 10 檔)

[17:11:35] [!] 達到最大補抓輪數 (10 輪)，剩餘技術性失敗標的: 10 檔
[2026-09-17 17:11:35] [✓] TWSE 上市採集完成：共分配 10 檔 | 有效成交產出: 0 檔 | 明確無資料: 0 檔 | 技術失敗: 10 檔
[2026-09-17 17:11:35] [*] TWSE 技術失敗主因 Top 3: post_missing_download_link=83, post_http_error_403=11, menu_http_error_403=6
[2026-09-17 17:11:35] >>> [階段 2/2] 啟動 TPEX 上櫃股票分點抓取 (1 Workers 瀏覽器防護模式)...
[*] [環境路由] 偵測到 💻 Local 本地端環境 ➔ 自動啟用 TPEXLocalCrawler (本地專用多進程極速引擎)
[17:11:35] >>> [本地端] TPEX 第 1/10 輪抓取啟動 (待抓: 1007 檔, Workers: 1)
[*] [啟動] TPEX 本地端極速多進程引擎 (1 個獨立 Workers 並行採集)...
[18:06:39] [+] [本地端] TPEX 第 1 輪完成：成功 993 檔，仍待補抓 0 檔
[18:06:39] [+] [本地端] TPEX 全市場上櫃股票採集完成！
[2026-09-17 18:06:39] [✓] TPEX 上櫃採集完成：共分配 1007 檔 | 有效成交產出: 993 檔 | 無成交/略過: 14 檔 | 失敗: 0 檔
[2026-09-17 18:06:39] >>> [數據整合] 彙整分點資料中...
[2026-09-17 18:06:39] [+] 總標的數: 993 檔
[2026-09-17 18:06:39] [+] 總資料筆數: 147,947 列
[2026-09-17 18:06:40] [✓] Parquet 檔案已儲存: D:\MyProject\stock_data_downloader\output\api_absr1_2026-09-17_2026-09-17.parquet (5.56 MB, ZSTD 高度壓縮)
[2026-09-17 18:06:40] [*] 正在輸出 Excel 檔案: D:\MyProject\stock_data_downloader\output\api_absr1_2026-09-17_2026-09-17.xlsx (請稍候)...
[2026-09-17 18:07:13] [✓] Excel 檔案已儲存: D:\MyProject\stock_data_downloader\output\api_absr1_2026-09-17_2026-09-17.xlsx (10.81 MB)
==================================================
[2026-09-17 18:07:13] [OK] 本節點爬蟲任務執行完畢！
[2026-09-17 18:07:13] [*] 啟動時間: 2026-09-17 16:57:15
[2026-09-17 18:07:13] [+] 全市場掃描: 100% 完成 (共 1017 檔 | 有效成交產出: 993 檔 | 無成交/略過: 14 檔)
[2026-09-17 18:07:13] >>> [通知推播] 檢查並發送執行成果與短缺股票日報...
[✓] Telegram 推播發送成功！(Chat ID: 1634376784)
[✓] Email 報表已寄達: ark221@gmail.com
[2026-09-17 18:07:28] [!] 本分片共有 10 檔無成交或下載逾時：
[2026-09-17 18:07:28]     - 2330 (台積電): post_missing_download_link
[2026-09-17 18:07:28]     - 2317 (鴻海): post_missing_download_link
[2026-09-17 18:07:28]     - 2454 (聯發科): post_missing_download_link
[2026-09-17 18:07:28]     - 2382 (廣達): post_http_error:403
[2026-09-17 18:07:28]     - 2308 (台達電): post_missing_download_link
[2026-09-17 18:07:28]     - 2881 (富邦金): post_missing_download_link
[2026-09-17 18:07:28]     - 2412 (中華電): post_http_error:403
[2026-09-17 18:07:28]     - 2882 (國泰金): post_http_error:403
[2026-09-17 18:07:28]     - 2303 (聯電): post_missing_download_link
[2026-09-17 18:07:28]     - 2891 (中信金): post_missing_download_link
