[*] [日誌系統] 執行日誌檔案已建立: D:\MyProject\stock_data_downloader\logs\crawler_all_20260916_230638.log
[✓] 【開盤日確認】2026-09-16 為台股正常營業日，爬蟲正常啟動！
==================================================
[2026-09-16 23:06:38] [*] 全市場台股分點買賣日報表統一調度控制器 (Coordinator) 啟動
[2026-09-16 23:06:38] [*] 啟動時間: 2026-09-16 23:06:38
[2026-09-16 23:06:38] [*] 執行交易日期: 2026-09-16
[2026-09-16 23:06:38] [*] 目標市場範疇 (Market): ALL (產檔規格: api_absr1_2026-09-16_2026-09-16.parquet)
[2026-09-16 23:06:38] [*] 併發配置: TWSE 上市 2 Workers (純HTTP高速) | TPEX 上櫃 1 Workers (CDP瀏覽器穩健)
[2026-09-16 23:06:38] [*] 上市最大補抓輪數: 7 輪
[2026-09-16 23:06:38] [*] 成果輸出路徑: D:\MyProject\stock_data_downloader\output
==================================================
[2026-09-16 23:06:38] >>> [階段 1/2] 啟動 TWSE 上市股票分點抓取 (2 Workers, 最多 6 輪安全補抓)...
[2026-09-16 23:06:38] [*] 取得上市標的清單: 1371 檔 (分片 1/1)
==================================================
[*] TWSE 上市券商買賣日報表爬蟲 (7 輪終極自適應安全防護版)
[*] 目標交易日期: 2026-09-16
[*] 待抓取標的數: 1371 檔
[*] 並行執行緒數: 2 Workers (第 1 輪)
[*] 最大補抓輪數: 7 輪 (含第 7 輪深度收斂跑到完機制)
==================================================
[*] 成功載入專用 TWSE CNN 驗證碼模型 (辨識率 98%+)
WARNING:tensorflow:TensorFlow GPU support is not available on native Windows for TensorFlow >= 2.11. Even if CUDA/cuDNN are installed, GPU will not be used. Please use WSL2 or the TensorFlow-DirectML plugin.
[23:07:06] [第1輪 進度 15/1371 (1.1%)] 成功: 9 檔 | 無交易/待補: 6 檔 | 累積: 4,421 筆 | 速度: 0.5 檔/s | 剩餘約: 42.1 分鐘
[23:07:38] [第1輪 進度 30/1371 (2.2%)] 成功: 14 檔 | 無交易/待補: 16 檔 | 累積: 5,349 筆 | 速度: 0.5 檔/s | 剩餘約: 44.5 分鐘
[23:08:04] [第1輪 進度 45/1371 (3.3%)] 成功: 23 檔 | 無交易/待補: 22 檔 | 累積: 6,576 筆 | 速度: 0.5 檔/s | 剩餘約: 41.9 分鐘
