[*] [日誌系統] 執行日誌檔案已建立: D:\MyProject\stock_data_downloader\logs\crawler_twse_20260917_194957.log
[✓] 【開盤日確認】2026-09-17 為台股正常營業日，爬蟲正常啟動！
==================================================
[2026-09-17 19:49:57] [*] 全市場台股分點買賣日報表統一調度控制器 (Coordinator) 啟動
[2026-09-17 19:49:57] [*] 啟動時間: 2026-09-17 19:49:57
[2026-09-17 19:49:57] [*] 執行交易日期: 2026-09-17
[2026-09-17 19:49:57] [*] 目標市場範疇 (Market): TWSE (產檔規格: api_absr1_2026-09-17_2026-09-17_twse.parquet)
[2026-09-17 19:49:57] [*] 併發配置: TWSE 上市 1 Workers (純HTTP高速) | TPEX 上櫃 1 Workers (CDP瀏覽器穩健)
[2026-09-17 19:49:57] [*] 上市最大補抓輪數: 3 輪
[2026-09-17 19:49:57] [*] 成果輸出路徑: D:\MyProject\stock_data_downloader\output
==================================================
[2026-09-17 19:49:57] >>> [階段 1/2] 啟動 TWSE 上市股票分點抓取 (1 Workers, 最多 3 輪安全補抓)...
[2026-09-17 19:49:57] [*] 取得上市標的清單: 1368 檔 (分片 1/1)
==================================================
[*] TWSE 上市券商買賣日報表爬蟲 (3 輪終極自適應安全防護版)
[*] 目標交易日期: 2026-09-17
[*] 待抓取標的數: 1368 檔
[*] 並行執行緒數: 1 Workers (第 1 輪)
[*] 最大補抓輪數: 3 輪 (含第 3 輪深度收斂跑到完機制)
==================================================
[*] 成功載入專用 TWSE CNN 驗證碼模型 (辨識率 98%+)
WARNING:tensorflow:TensorFlow GPU support is not available on native Windows for TensorFlow >= 2.11. Even if CUDA/cuDNN are installed, GPU will not be used. Please use WSL2 or the TensorFlow-DirectML plugin.
[19:51:09] [第1輪 進度 15/1368 (1.1%)] 成功: 7 檔 | 明確無資料: 0 檔 | 技術待補: 8 檔 | 累積: 3,487 筆 | 速度: 0.2 檔/s | 剩餘約: 107.7 分鐘
